#
# There is insufficient memory for the Java Runtime Environment to continue.
# Native memory allocation (malloc) failed to allocate 65552 bytes. Error detail: Chunk::new
# Possible reasons:
#   The system is out of physical RAM or swap space
#   This process is running with CompressedOops enabled, and the Java Heap may be blocking the growth of the native heap
# Possible solutions:
#   Reduce memory load on the system
#   Increase physical memory or swap space
#   Check if swap backing store is full
#   Decrease Java heap size (-Xmx/-Xms)
#   Decrease number of Java threads
#   Decrease Java thread stack sizes (-Xss)
#   Set larger code cache with -XX:ReservedCodeCacheSize=
#   JVM is running with Unscaled Compressed Oops mode in which the Java heap is
#     placed in the first 4GB address space. The Java Heap base address is the
#     maximum limit for the native heap growth. Please use -XX:HeapBaseMinAddress
#     to set the Java Heap base and to place the Java Heap above 4GB virtual address.
# This output file may be truncated or incomplete.
#
#  Out of Memory Error (arena.cpp:168), pid=9768, tid=23040
#
# JRE version: OpenJDK Runtime Environment Temurin-21.0.10+7 (21.0.10+7) (build 21.0.10+7-LTS)
# Java VM: OpenJDK 64-Bit Server VM Temurin-21.0.10+7 (21.0.10+7-LTS, mixed mode, sharing, tiered, compressed oops, compressed class ptrs, g1 gc, windows-amd64)
# No core dump will be written. Minidumps are not enabled by default on client versions of Windows
#

---------------  S U M M A R Y ------------

Command Line: -Dfile.encoding=UTF-8 -Dstdout.encoding=UTF-8 -Dstderr.encoding=UTF-8 -XX:+ShowCodeDetailsInExceptionMessages PANEL.MainGUI

Host: 11th Gen Intel(R) Core(TM) i5-1135G7 @ 2.40GHz, 8 cores, 7G,  Windows 11 , 64 bit Build 26100 (10.0.26100.8328)
Time: Thu May 21 07:35:15 2026 UTC+13 elapsed time: 1.538408 seconds (0d 0h 0m 1s)

---------------  T H R E A D  ---------------

Current thread (0x00000215ceb110a0):  JavaThread "C2 CompilerThread0" daemon [_thread_in_native, id=23040, stack(0x0000003427b00000,0x0000003427c00000) (1024K)]


Current CompileTask:
C2:1538  658 %     4       java.util.Properties$LineReader::readLine @ 53 (584 bytes)

Stack: [0x0000003427b00000,0x0000003427c00000]
Native frames: (J=compiled Java code, j=interpreted, Vv=VM code, C=native code)
V  [jvm.dll+0x6d7a39]
V  [jvm.dll+0x8b4b26]
V  [jvm.dll+0x8b70de]
V  [jvm.dll+0x8b77c3]
V  [jvm.dll+0x284346]
V  [jvm.dll+0xc66ed]
V  [jvm.dll+0xc6c31]
V  [jvm.dll+0x6feab5]
V  [jvm.dll+0x6fef15]
V  [jvm.dll+0x70114d]
V  [jvm.dll+0x6ff503]
V  [jvm.dll+0x255b53]
V  [jvm.dll+0x255edd]
V  [jvm.dll+0x24e500]
V  [jvm.dll+0x24ba42]
V  [jvm.dll+0x1cb34e]
V  [jvm.dll+0x25b85d]
V  [jvm.dll+0x259dea]
V  [jvm.dll+0x3f857e]
V  [jvm.dll+0x85f59d]
V  [jvm.dll+0x6d626d]
C  [ucrtbase.dll+0x37b0]
C  [KERNEL32.DLL+0x2e957]
C  [ntdll.dll+0x427c]


---------------  P R O C E S S  ---------------

Threads class SMR info:
_java_thread_list=0x00000215cec48b80, length=19, elements={
0x00000215ce5954d0, 0x00000215ce59a1e0, 0x00000215ce59efd0, 0x00000215ce59fb20,
0x00000215ce5ac1e0, 0x00000215ce5adc50, 0x00000215ceb110a0, 0x00000215ceb1e010,
0x00000215cec6df90, 0x00000215cec76660, 0x00000215cee3cdf0, 0x00000215cee3f640,
0x00000215cee3fcb0, 0x00000215cee570e0, 0x00000215cee676a0, 0x00000215ceede210,
0x00000215b4b6f8d0, 0x0000021614d89b20, 0x00000215ceb1e6e0
}

Java Threads: ( => current thread )
  0x00000215ce5954d0 JavaThread "Reference Handler"          daemon [_thread_blocked, id=17352, stack(0x0000003427500000,0x0000003427600000) (1024K)]
  0x00000215ce59a1e0 JavaThread "Finalizer"                  daemon [_thread_blocked, id=14676, stack(0x0000003427600000,0x0000003427700000) (1024K)]
  0x00000215ce59efd0 JavaThread "Signal Dispatcher"          daemon [_thread_blocked, id=17808, stack(0x0000003427700000,0x0000003427800000) (1024K)]
  0x00000215ce59fb20 JavaThread "Attach Listener"            daemon [_thread_blocked, id=2344, stack(0x0000003427800000,0x0000003427900000) (1024K)]
  0x00000215ce5ac1e0 JavaThread "Service Thread"             daemon [_thread_blocked, id=20836, stack(0x0000003427900000,0x0000003427a00000) (1024K)]
  0x00000215ce5adc50 JavaThread "Monitor Deflation Thread"   daemon [_thread_blocked, id=19836, stack(0x0000003427a00000,0x0000003427b00000) (1024K)]
=>0x00000215ceb110a0 JavaThread "C2 CompilerThread0"         daemon [_thread_in_native, id=23040, stack(0x0000003427b00000,0x0000003427c00000) (1024K)]
  0x00000215ceb1e010 JavaThread "C1 CompilerThread0"         daemon [_thread_blocked, id=14888, stack(0x0000003427c00000,0x0000003427d00000) (1024K)]
  0x00000215cec6df90 JavaThread "Notification Thread"        daemon [_thread_blocked, id=25924, stack(0x0000003427d00000,0x0000003427e00000) (1024K)]
  0x00000215cec76660 JavaThread "Common-Cleaner"             daemon [_thread_blocked, id=7080, stack(0x0000003427e00000,0x0000003427f00000) (1024K)]
  0x00000215cee3cdf0 JavaThread "Java2D Disposer"            daemon [_thread_blocked, id=23052, stack(0x0000003427f00000,0x0000003428000000) (1024K)]
  0x00000215cee3f640 JavaThread "AWT-Shutdown"                      [_thread_blocked, id=17652, stack(0x0000003428000000,0x0000003428100000) (1024K)]
  0x00000215cee3fcb0 JavaThread "AWT-Windows"                daemon [_thread_in_native, id=8112, stack(0x0000003428100000,0x0000003428200000) (1024K)]
  0x00000215cee570e0 JavaThread "EventQueueMonitor-ComponentEvtDispatch" daemon [_thread_blocked, id=25728, stack(0x0000003428200000,0x0000003428300000) (1024K)]
  0x00000215cee676a0 JavaThread "Thread-1"                   daemon [_thread_in_native, id=6808, stack(0x0000003428300000,0x0000003428400000) (1024K)]
  0x00000215ceede210 JavaThread "AWT-EventQueue-0"                  [_thread_in_Java, id=24980, stack(0x0000003428400000,0x0000003428500000) (1024K)]
  0x00000215b4b6f8d0 JavaThread "DestroyJavaVM"                     [_thread_blocked, id=23676, stack(0x0000003426d00000,0x0000003426e00000) (1024K)]
  0x0000021614d89b20 JavaThread "mysql-cj-abandoned-connection-cleanup" daemon [_thread_blocked, id=15664, stack(0x0000003428500000,0x0000003428600000) (1024K)]
  0x00000215ceb1e6e0 JavaThread "C2 CompilerThread1"         daemon [_thread_in_native, id=10876, stack(0x0000003428600000,0x0000003428700000) (1024K)]
Total: 19

Other Threads:
  0x00000215ce57a8a0 VMThread "VM Thread"                           [id=19180, stack(0x0000003427400000,0x0000003427500000) (1024K)]
  0x00000215ce567bd0 WatcherThread "VM Periodic Task Thread"        [id=13820, stack(0x0000003427300000,0x0000003427400000) (1024K)]
  0x00000215b4bc1350 WorkerThread "GC Thread#0"                     [id=18692, stack(0x0000003426e00000,0x0000003426f00000) (1024K)]
  0x00000215b4c11320 ConcurrentGCThread "G1 Main Marker"            [id=9176, stack(0x0000003426f00000,0x0000003427000000) (1024K)]
  0x00000215b4c11e30 WorkerThread "G1 Conc#0"                       [id=13696, stack(0x0000003427000000,0x0000003427100000) (1024K)]
  0x00000215ce43a830 ConcurrentGCThread "G1 Refine#0"               [id=4236, stack(0x0000003427100000,0x0000003427200000) (1024K)]
  0x00000215ce43c070 ConcurrentGCThread "G1 Service"                [id=21560, stack(0x0000003427200000,0x0000003427300000) (1024K)]
Total: 7

Threads with active compile tasks:
C2 CompilerThread0  1591  658 %     4       java.util.Properties$LineReader::readLine @ 53 (584 bytes)
C2 CompilerThread1  1591  657       4       java.util.Properties::loadConvert (540 bytes)
Total: 2

VM state: not at safepoint (normal execution)

VM Mutex/Monitor currently owned by a thread: None

Heap address: 0x0000000083200000, size: 1998 MB, Compressed Oops mode: 32-bit

CDS archive(s) mapped at: [0x00000215cf000000-0x00000215cfc80000-0x00000215cfc80000), size 13107200, SharedBaseAddress: 0x00000215cf000000, ArchiveRelocationMode: 1.
Compressed class space mapped at: 0x00000215d0000000-0x0000021610000000, reserved size: 1073741824
Narrow klass base: 0x00000215cf000000, Narrow klass shift: 0, Narrow klass range: 0x100000000

GC Precious Log:
 CardTable entry size: 512
 Card Set container configuration: InlinePtr #cards 5 size 8 Array Of Cards #cards 12 size 40 Howl #buckets 4 coarsen threshold 1843 Howl Bitmap #cards 512 size 80 coarsen threshold 460 Card regions per heap region 1 cards per card region 2048
 CPUs: 8 total, 8 available
 Memory: 7991M
 Large Page Support: Disabled
 NUMA Support: Disabled
 Compressed Oops: Enabled (32-bit)
 Heap Region Size: 1M
 Heap Min Capacity: 8M
 Heap Initial Capacity: 126M
 Heap Max Capacity: 1998M
 Pre-touch: Disabled
 Parallel Workers: 8
 Concurrent Workers: 2
 Concurrent Refinement Workers: 8
 Periodic GC: Disabled

Heap:
 garbage-first heap   total 129024K, used 8192K [0x0000000083200000, 0x0000000100000000)
  region size 1024K, 10 young (10240K), 0 survivors (0K)
 Metaspace       used 5708K, committed 5888K, reserved 1114112K
  class space    used 619K, committed 704K, reserved 1048576K

Heap Regions: E=young(eden), S=young(survivor), O=old, HS=humongous(starts), HC=humongous(continues), CS=collection set, F=free, TAMS=top-at-mark-start, PB=parsable bottom
|   0|0x0000000083200000, 0x0000000083200000, 0x0000000083300000|  0%| F|  |TAMS 0x0000000083200000| PB 0x0000000083200000| Untracked 
|   1|0x0000000083300000, 0x0000000083300000, 0x0000000083400000|  0%| F|  |TAMS 0x0000000083300000| PB 0x0000000083300000| Untracked 
|   2|0x0000000083400000, 0x0000000083400000, 0x0000000083500000|  0%| F|  |TAMS 0x0000000083400000| PB 0x0000000083400000| Untracked 
|   3|0x0000000083500000, 0x0000000083500000, 0x0000000083600000|  0%| F|  |TAMS 0x0000000083500000| PB 0x0000000083500000| Untracked 
|   4|0x0000000083600000, 0x0000000083600000, 0x0000000083700000|  0%| F|  |TAMS 0x0000000083600000| PB 0x0000000083600000| Untracked 
|   5|0x0000000083700000, 0x0000000083700000, 0x0000000083800000|  0%| F|  |TAMS 0x0000000083700000| PB 0x0000000083700000| Untracked 
|   6|0x0000000083800000, 0x0000000083800000, 0x0000000083900000|  0%| F|  |TAMS 0x0000000083800000| PB 0x0000000083800000| Untracked 
|   7|0x0000000083900000, 0x0000000083900000, 0x0000000083a00000|  0%| F|  |TAMS 0x0000000083900000| PB 0x0000000083900000| Untracked 
|   8|0x0000000083a00000, 0x0000000083a00000, 0x0000000083b00000|  0%| F|  |TAMS 0x0000000083a00000| PB 0x0000000083a00000| Untracked 
|   9|0x0000000083b00000, 0x0000000083b00000, 0x0000000083c00000|  0%| F|  |TAMS 0x0000000083b00000| PB 0x0000000083b00000| Untracked 
|  10|0x0000000083c00000, 0x0000000083c00000, 0x0000000083d00000|  0%| F|  |TAMS 0x0000000083c00000| PB 0x0000000083c00000| Untracked 
|  11|0x0000000083d00000, 0x0000000083d00000, 0x0000000083e00000|  0%| F|  |TAMS 0x0000000083d00000| PB 0x0000000083d00000| Untracked 
|  12|0x0000000083e00000, 0x0000000083e00000, 0x0000000083f00000|  0%| F|  |TAMS 0x0000000083e00000| PB 0x0000000083e00000| Untracked 
|  13|0x0000000083f00000, 0x0000000083f00000, 0x0000000084000000|  0%| F|  |TAMS 0x0000000083f00000| PB 0x0000000083f00000| Untracked 
|  14|0x0000000084000000, 0x0000000084000000, 0x0000000084100000|  0%| F|  |TAMS 0x0000000084000000| PB 0x0000000084000000| Untracked 
|  15|0x0000000084100000, 0x0000000084100000, 0x0000000084200000|  0%| F|  |TAMS 0x0000000084100000| PB 0x0000000084100000| Untracked 
|  16|0x0000000084200000, 0x0000000084200000, 0x0000000084300000|  0%| F|  |TAMS 0x0000000084200000| PB 0x0000000084200000| Untracked 
|  17|0x0000000084300000, 0x0000000084300000, 0x0000000084400000|  0%| F|  |TAMS 0x0000000084300000| PB 0x0000000084300000| Untracked 
|  18|0x0000000084400000, 0x0000000084400000, 0x0000000084500000|  0%| F|  |TAMS 0x0000000084400000| PB 0x0000000084400000| Untracked 
|  19|0x0000000084500000, 0x0000000084500000, 0x0000000084600000|  0%| F|  |TAMS 0x0000000084500000| PB 0x0000000084500000| Untracked 
|  20|0x0000000084600000, 0x0000000084600000, 0x0000000084700000|  0%| F|  |TAMS 0x0000000084600000| PB 0x0000000084600000| Untracked 
|  21|0x0000000084700000, 0x0000000084700000, 0x0000000084800000|  0%| F|  |TAMS 0x0000000084700000| PB 0x0000000084700000| Untracked 
|  22|0x0000000084800000, 0x0000000084800000, 0x0000000084900000|  0%| F|  |TAMS 0x0000000084800000| PB 0x0000000084800000| Untracked 
|  23|0x0000000084900000, 0x0000000084900000, 0x0000000084a00000|  0%| F|  |TAMS 0x0000000084900000| PB 0x0000000084900000| Untracked 
|  24|0x0000000084a00000, 0x0000000084a00000, 0x0000000084b00000|  0%| F|  |TAMS 0x0000000084a00000| PB 0x0000000084a00000| Untracked 
|  25|0x0000000084b00000, 0x0000000084b00000, 0x0000000084c00000|  0%| F|  |TAMS 0x0000000084b00000| PB 0x0000000084b00000| Untracked 
|  26|0x0000000084c00000, 0x0000000084c00000, 0x0000000084d00000|  0%| F|  |TAMS 0x0000000084c00000| PB 0x0000000084c00000| Untracked 
|  27|0x0000000084d00000, 0x0000000084d00000, 0x0000000084e00000|  0%| F|  |TAMS 0x0000000084d00000| PB 0x0000000084d00000| Untracked 
|  28|0x0000000084e00000, 0x0000000084e00000, 0x0000000084f00000|  0%| F|  |TAMS 0x0000000084e00000| PB 0x0000000084e00000| Untracked 
|  29|0x0000000084f00000, 0x0000000084f00000, 0x0000000085000000|  0%| F|  |TAMS 0x0000000084f00000| PB 0x0000000084f00000| Untracked 
|  30|0x0000000085000000, 0x0000000085000000, 0x0000000085100000|  0%| F|  |TAMS 0x0000000085000000| PB 0x0000000085000000| Untracked 
|  31|0x0000000085100000, 0x0000000085100000, 0x0000000085200000|  0%| F|  |TAMS 0x0000000085100000| PB 0x0000000085100000| Untracked 
|  32|0x0000000085200000, 0x0000000085200000, 0x0000000085300000|  0%| F|  |TAMS 0x0000000085200000| PB 0x0000000085200000| Untracked 
|  33|0x0000000085300000, 0x0000000085300000, 0x0000000085400000|  0%| F|  |TAMS 0x0000000085300000| PB 0x0000000085300000| Untracked 
|  34|0x0000000085400000, 0x0000000085400000, 0x0000000085500000|  0%| F|  |TAMS 0x0000000085400000| PB 0x0000000085400000| Untracked 
|  35|0x0000000085500000, 0x0000000085500000, 0x0000000085600000|  0%| F|  |TAMS 0x0000000085500000| PB 0x0000000085500000| Untracked 
|  36|0x0000000085600000, 0x0000000085600000, 0x0000000085700000|  0%| F|  |TAMS 0x0000000085600000| PB 0x0000000085600000| Untracked 
|  37|0x0000000085700000, 0x0000000085700000, 0x0000000085800000|  0%| F|  |TAMS 0x0000000085700000| PB 0x0000000085700000| Untracked 
|  38|0x0000000085800000, 0x0000000085800000, 0x0000000085900000|  0%| F|  |TAMS 0x0000000085800000| PB 0x0000000085800000| Untracked 
|  39|0x0000000085900000, 0x0000000085900000, 0x0000000085a00000|  0%| F|  |TAMS 0x0000000085900000| PB 0x0000000085900000| Untracked 
|  40|0x0000000085a00000, 0x0000000085a00000, 0x0000000085b00000|  0%| F|  |TAMS 0x0000000085a00000| PB 0x0000000085a00000| Untracked 
|  41|0x0000000085b00000, 0x0000000085b00000, 0x0000000085c00000|  0%| F|  |TAMS 0x0000000085b00000| PB 0x0000000085b00000| Untracked 
|  42|0x0000000085c00000, 0x0000000085c00000, 0x0000000085d00000|  0%| F|  |TAMS 0x0000000085c00000| PB 0x0000000085c00000| Untracked 
|  43|0x0000000085d00000, 0x0000000085d00000, 0x0000000085e00000|  0%| F|  |TAMS 0x0000000085d00000| PB 0x0000000085d00000| Untracked 
|  44|0x0000000085e00000, 0x0000000085e00000, 0x0000000085f00000|  0%| F|  |TAMS 0x0000000085e00000| PB 0x0000000085e00000| Untracked 
|  45|0x0000000085f00000, 0x0000000085f00000, 0x0000000086000000|  0%| F|  |TAMS 0x0000000085f00000| PB 0x0000000085f00000| Untracked 
|  46|0x0000000086000000, 0x0000000086000000, 0x0000000086100000|  0%| F|  |TAMS 0x0000000086000000| PB 0x0000000086000000| Untracked 
|  47|0x0000000086100000, 0x0000000086100000, 0x0000000086200000|  0%| F|  |TAMS 0x0000000086100000| PB 0x0000000086100000| Untracked 
|  48|0x0000000086200000, 0x0000000086200000, 0x0000000086300000|  0%| F|  |TAMS 0x0000000086200000| PB 0x0000000086200000| Untracked 
|  49|0x0000000086300000, 0x0000000086300000, 0x0000000086400000|  0%| F|  |TAMS 0x0000000086300000| PB 0x0000000086300000| Untracked 
|  50|0x0000000086400000, 0x0000000086400000, 0x0000000086500000|  0%| F|  |TAMS 0x0000000086400000| PB 0x0000000086400000| Untracked 
|  51|0x0000000086500000, 0x0000000086500000, 0x0000000086600000|  0%| F|  |TAMS 0x0000000086500000| PB 0x0000000086500000| Untracked 
|  52|0x0000000086600000, 0x0000000086600000, 0x0000000086700000|  0%| F|  |TAMS 0x0000000086600000| PB 0x0000000086600000| Untracked 
|  53|0x0000000086700000, 0x0000000086700000, 0x0000000086800000|  0%| F|  |TAMS 0x0000000086700000| PB 0x0000000086700000| Untracked 
|  54|0x0000000086800000, 0x0000000086800000, 0x0000000086900000|  0%| F|  |TAMS 0x0000000086800000| PB 0x0000000086800000| Untracked 
|  55|0x0000000086900000, 0x0000000086900000, 0x0000000086a00000|  0%| F|  |TAMS 0x0000000086900000| PB 0x0000000086900000| Untracked 
|  56|0x0000000086a00000, 0x0000000086a00000, 0x0000000086b00000|  0%| F|  |TAMS 0x0000000086a00000| PB 0x0000000086a00000| Untracked 
|  57|0x0000000086b00000, 0x0000000086b00000, 0x0000000086c00000|  0%| F|  |TAMS 0x0000000086b00000| PB 0x0000000086b00000| Untracked 
|  58|0x0000000086c00000, 0x0000000086c00000, 0x0000000086d00000|  0%| F|  |TAMS 0x0000000086c00000| PB 0x0000000086c00000| Untracked 
|  59|0x0000000086d00000, 0x0000000086d00000, 0x0000000086e00000|  0%| F|  |TAMS 0x0000000086d00000| PB 0x0000000086d00000| Untracked 
|  60|0x0000000086e00000, 0x0000000086e00000, 0x0000000086f00000|  0%| F|  |TAMS 0x0000000086e00000| PB 0x0000000086e00000| Untracked 
|  61|0x0000000086f00000, 0x0000000086f00000, 0x0000000087000000|  0%| F|  |TAMS 0x0000000086f00000| PB 0x0000000086f00000| Untracked 
|  62|0x0000000087000000, 0x0000000087000000, 0x0000000087100000|  0%| F|  |TAMS 0x0000000087000000| PB 0x0000000087000000| Untracked 
|  63|0x0000000087100000, 0x0000000087100000, 0x0000000087200000|  0%| F|  |TAMS 0x0000000087100000| PB 0x0000000087100000| Untracked 
|  64|0x0000000087200000, 0x0000000087200000, 0x0000000087300000|  0%| F|  |TAMS 0x0000000087200000| PB 0x0000000087200000| Untracked 
|  65|0x0000000087300000, 0x0000000087300000, 0x0000000087400000|  0%| F|  |TAMS 0x0000000087300000| PB 0x0000000087300000| Untracked 
|  66|0x0000000087400000, 0x0000000087400000, 0x0000000087500000|  0%| F|  |TAMS 0x0000000087400000| PB 0x0000000087400000| Untracked 
|  67|0x0000000087500000, 0x0000000087500000, 0x0000000087600000|  0%| F|  |TAMS 0x0000000087500000| PB 0x0000000087500000| Untracked 
|  68|0x0000000087600000, 0x0000000087600000, 0x0000000087700000|  0%| F|  |TAMS 0x0000000087600000| PB 0x0000000087600000| Untracked 
|  69|0x0000000087700000, 0x0000000087700000, 0x0000000087800000|  0%| F|  |TAMS 0x0000000087700000| PB 0x0000000087700000| Untracked 
|  70|0x0000000087800000, 0x0000000087800000, 0x0000000087900000|  0%| F|  |TAMS 0x0000000087800000| PB 0x0000000087800000| Untracked 
|  71|0x0000000087900000, 0x0000000087900000, 0x0000000087a00000|  0%| F|  |TAMS 0x0000000087900000| PB 0x0000000087900000| Untracked 
|  72|0x0000000087a00000, 0x0000000087a00000, 0x0000000087b00000|  0%| F|  |TAMS 0x0000000087a00000| PB 0x0000000087a00000| Untracked 
|  73|0x0000000087b00000, 0x0000000087b00000, 0x0000000087c00000|  0%| F|  |TAMS 0x0000000087b00000| PB 0x0000000087b00000| Untracked 
|  74|0x0000000087c00000, 0x0000000087c00000, 0x0000000087d00000|  0%| F|  |TAMS 0x0000000087c00000| PB 0x0000000087c00000| Untracked 
|  75|0x0000000087d00000, 0x0000000087d00000, 0x0000000087e00000|  0%| F|  |TAMS 0x0000000087d00000| PB 0x0000000087d00000| Untracked 
|  76|0x0000000087e00000, 0x0000000087e00000, 0x0000000087f00000|  0%| F|  |TAMS 0x0000000087e00000| PB 0x0000000087e00000| Untracked 
|  77|0x0000000087f00000, 0x0000000087f00000, 0x0000000088000000|  0%| F|  |TAMS 0x0000000087f00000| PB 0x0000000087f00000| Untracked 
|  78|0x0000000088000000, 0x0000000088000000, 0x0000000088100000|  0%| F|  |TAMS 0x0000000088000000| PB 0x0000000088000000| Untracked 
|  79|0x0000000088100000, 0x0000000088100000, 0x0000000088200000|  0%| F|  |TAMS 0x0000000088100000| PB 0x0000000088100000| Untracked 
|  80|0x0000000088200000, 0x0000000088200000, 0x0000000088300000|  0%| F|  |TAMS 0x0000000088200000| PB 0x0000000088200000| Untracked 
|  81|0x0000000088300000, 0x0000000088300000, 0x0000000088400000|  0%| F|  |TAMS 0x0000000088300000| PB 0x0000000088300000| Untracked 
|  82|0x0000000088400000, 0x0000000088400000, 0x0000000088500000|  0%| F|  |TAMS 0x0000000088400000| PB 0x0000000088400000| Untracked 
|  83|0x0000000088500000, 0x0000000088500000, 0x0000000088600000|  0%| F|  |TAMS 0x0000000088500000| PB 0x0000000088500000| Untracked 
|  84|0x0000000088600000, 0x0000000088600000, 0x0000000088700000|  0%| F|  |TAMS 0x0000000088600000| PB 0x0000000088600000| Untracked 
|  85|0x0000000088700000, 0x0000000088700000, 0x0000000088800000|  0%| F|  |TAMS 0x0000000088700000| PB 0x0000000088700000| Untracked 
|  86|0x0000000088800000, 0x0000000088800000, 0x0000000088900000|  0%| F|  |TAMS 0x0000000088800000| PB 0x0000000088800000| Untracked 
|  87|0x0000000088900000, 0x0000000088900000, 0x0000000088a00000|  0%| F|  |TAMS 0x0000000088900000| PB 0x0000000088900000| Untracked 
|  88|0x0000000088a00000, 0x0000000088a00000, 0x0000000088b00000|  0%| F|  |TAMS 0x0000000088a00000| PB 0x0000000088a00000| Untracked 
|  89|0x0000000088b00000, 0x0000000088b00000, 0x0000000088c00000|  0%| F|  |TAMS 0x0000000088b00000| PB 0x0000000088b00000| Untracked 
|  90|0x0000000088c00000, 0x0000000088c00000, 0x0000000088d00000|  0%| F|  |TAMS 0x0000000088c00000| PB 0x0000000088c00000| Untracked 
|  91|0x0000000088d00000, 0x0000000088d00000, 0x0000000088e00000|  0%| F|  |TAMS 0x0000000088d00000| PB 0x0000000088d00000| Untracked 
|  92|0x0000000088e00000, 0x0000000088e00000, 0x0000000088f00000|  0%| F|  |TAMS 0x0000000088e00000| PB 0x0000000088e00000| Untracked 
|  93|0x0000000088f00000, 0x0000000088f00000, 0x0000000089000000|  0%| F|  |TAMS 0x0000000088f00000| PB 0x0000000088f00000| Untracked 
|  94|0x0000000089000000, 0x0000000089000000, 0x0000000089100000|  0%| F|  |TAMS 0x0000000089000000| PB 0x0000000089000000| Untracked 
|  95|0x0000000089100000, 0x0000000089100000, 0x0000000089200000|  0%| F|  |TAMS 0x0000000089100000| PB 0x0000000089100000| Untracked 
|  96|0x0000000089200000, 0x0000000089200000, 0x0000000089300000|  0%| F|  |TAMS 0x0000000089200000| PB 0x0000000089200000| Untracked 
|  97|0x0000000089300000, 0x0000000089300000, 0x0000000089400000|  0%| F|  |TAMS 0x0000000089300000| PB 0x0000000089300000| Untracked 
|  98|0x0000000089400000, 0x0000000089400000, 0x0000000089500000|  0%| F|  |TAMS 0x0000000089400000| PB 0x0000000089400000| Untracked 
|  99|0x0000000089500000, 0x0000000089500000, 0x0000000089600000|  0%| F|  |TAMS 0x0000000089500000| PB 0x0000000089500000| Untracked 
| 100|0x0000000089600000, 0x0000000089600000, 0x0000000089700000|  0%| F|  |TAMS 0x0000000089600000| PB 0x0000000089600000| Untracked 
| 101|0x0000000089700000, 0x0000000089700000, 0x0000000089800000|  0%| F|  |TAMS 0x0000000089700000| PB 0x0000000089700000| Untracked 
| 102|0x0000000089800000, 0x0000000089800000, 0x0000000089900000|  0%| F|  |TAMS 0x0000000089800000| PB 0x0000000089800000| Untracked 
| 103|0x0000000089900000, 0x0000000089900000, 0x0000000089a00000|  0%| F|  |TAMS 0x0000000089900000| PB 0x0000000089900000| Untracked 
| 104|0x0000000089a00000, 0x0000000089a00000, 0x0000000089b00000|  0%| F|  |TAMS 0x0000000089a00000| PB 0x0000000089a00000| Untracked 
| 105|0x0000000089b00000, 0x0000000089b00000, 0x0000000089c00000|  0%| F|  |TAMS 0x0000000089b00000| PB 0x0000000089b00000| Untracked 
| 106|0x0000000089c00000, 0x0000000089c00000, 0x0000000089d00000|  0%| F|  |TAMS 0x0000000089c00000| PB 0x0000000089c00000| Untracked 
| 107|0x0000000089d00000, 0x0000000089d00000, 0x0000000089e00000|  0%| F|  |TAMS 0x0000000089d00000| PB 0x0000000089d00000| Untracked 
| 108|0x0000000089e00000, 0x0000000089e00000, 0x0000000089f00000|  0%| F|  |TAMS 0x0000000089e00000| PB 0x0000000089e00000| Untracked 
| 109|0x0000000089f00000, 0x0000000089f00000, 0x000000008a000000|  0%| F|  |TAMS 0x0000000089f00000| PB 0x0000000089f00000| Untracked 
| 110|0x000000008a000000, 0x000000008a000000, 0x000000008a100000|  0%| F|  |TAMS 0x000000008a000000| PB 0x000000008a000000| Untracked 
| 111|0x000000008a100000, 0x000000008a100000, 0x000000008a200000|  0%| F|  |TAMS 0x000000008a100000| PB 0x000000008a100000| Untracked 
| 112|0x000000008a200000, 0x000000008a200000, 0x000000008a300000|  0%| F|  |TAMS 0x000000008a200000| PB 0x000000008a200000| Untracked 
| 113|0x000000008a300000, 0x000000008a300000, 0x000000008a400000|  0%| F|  |TAMS 0x000000008a300000| PB 0x000000008a300000| Untracked 
| 114|0x000000008a400000, 0x000000008a400000, 0x000000008a500000|  0%| F|  |TAMS 0x000000008a400000| PB 0x000000008a400000| Untracked 
| 115|0x000000008a500000, 0x000000008a500000, 0x000000008a600000|  0%| F|  |TAMS 0x000000008a500000| PB 0x000000008a500000| Untracked 
| 116|0x000000008a600000, 0x000000008a6a23f0, 0x000000008a700000| 63%| E|  |TAMS 0x000000008a600000| PB 0x000000008a600000| Complete 
| 117|0x000000008a700000, 0x000000008a800000, 0x000000008a800000|100%| E|CS|TAMS 0x000000008a700000| PB 0x000000008a700000| Complete 
| 118|0x000000008a800000, 0x000000008a900000, 0x000000008a900000|100%| E|CS|TAMS 0x000000008a800000| PB 0x000000008a800000| Complete 
| 119|0x000000008a900000, 0x000000008aa00000, 0x000000008aa00000|100%| E|CS|TAMS 0x000000008a900000| PB 0x000000008a900000| Complete 
| 120|0x000000008aa00000, 0x000000008ab00000, 0x000000008ab00000|100%| E|CS|TAMS 0x000000008aa00000| PB 0x000000008aa00000| Complete 
| 121|0x000000008ab00000, 0x000000008ac00000, 0x000000008ac00000|100%| E|CS|TAMS 0x000000008ab00000| PB 0x000000008ab00000| Complete 
| 122|0x000000008ac00000, 0x000000008ad00000, 0x000000008ad00000|100%| E|  |TAMS 0x000000008ac00000| PB 0x000000008ac00000| Complete 
| 123|0x000000008ad00000, 0x000000008ae00000, 0x000000008ae00000|100%| E|CS|TAMS 0x000000008ad00000| PB 0x000000008ad00000| Complete 
| 124|0x000000008ae00000, 0x000000008af00000, 0x000000008af00000|100%| E|CS|TAMS 0x000000008ae00000| PB 0x000000008ae00000| Complete 
| 125|0x000000008af00000, 0x000000008b000000, 0x000000008b000000|100%| E|CS|TAMS 0x000000008af00000| PB 0x000000008af00000| Complete 

Card table byte_map: [0x00000215c9cc0000,0x00000215ca0b0000] _byte_map_base: 0x00000215c98a7000

Marking Bits: (CMBitMap*) 0x00000215b4bc2270
 Bits: [0x00000215ca0b0000, 0x00000215cbfe8000)

Polling page: 0x00000215b4c30000

Metaspace:

Usage:
  Non-class:      4.97 MB used.
      Class:    619.77 KB used.
       Both:      5.58 MB used.

Virtual space:
  Non-class space:       64.00 MB reserved,       5.06 MB (  8%) committed,  1 nodes.
      Class space:        1.00 GB reserved,     704.00 KB ( <1%) committed,  1 nodes.
             Both:        1.06 GB reserved,       5.75 MB ( <1%) committed. 

Chunk freelists:
   Non-Class:  10.34 MB
       Class:  15.22 MB
        Both:  25.56 MB

MaxMetaspaceSize: unlimited
CompressedClassSpaceSize: 1.00 GB
Initial GC threshold: 21.00 MB
Current GC threshold: 21.00 MB
CDS: on
 - commit_granule_bytes: 65536.
 - commit_granule_words: 8192.
 - virtual_space_node_default_size: 8388608.
 - enlarge_chunks_in_place: 1.
 - use_allocation_guard: 0.


Internal statistics:

num_allocs_failed_limit: 0.
num_arena_births: 144.
num_arena_deaths: 0.
num_vsnodes_births: 2.
num_vsnodes_deaths: 0.
num_space_committed: 92.
num_space_uncommitted: 0.
num_chunks_returned_to_freelist: 0.
num_chunks_taken_from_freelist: 225.
num_chunk_merges: 0.
num_chunk_splits: 127.
num_chunks_enlarged: 45.
num_inconsistent_stats: 0.

CodeHeap 'non-profiled nmethods': size=120000Kb used=215Kb max_used=215Kb free=119784Kb
 bounds [0x00000215c1940000, 0x00000215c1bb0000, 0x00000215c8e70000]
CodeHeap 'profiled nmethods': size=120000Kb used=994Kb max_used=994Kb free=119005Kb
 bounds [0x00000215b9e70000, 0x00000215ba0e0000, 0x00000215c13a0000]
CodeHeap 'non-nmethods': size=5760Kb used=1502Kb max_used=1517Kb free=4257Kb
 bounds [0x00000215c13a0000, 0x00000215c1610000, 0x00000215c1940000]
CodeCache: size=245760Kb, used=2711Kb, max_used=2726Kb, free=243046Kb
 total_blobs=1223, nmethods=684, adapters=444, full_count=0
Compilation: enabled, stopped_count=0, restarted_count=0

Compilation events (20 events):
Event: 1.528 Thread 0x00000215ceb1e010 nmethod 660 0x00000215b9f5ae90 code [0x00000215b9f5b040, 0x00000215b9f5b190]
Event: 1.530 Thread 0x00000215ceb1e010  661       1       java.util.concurrent.ConcurrentHashMap$MapEntry::getKey (5 bytes)
Event: 1.530 Thread 0x00000215ceb1e010 nmethod 661 0x00000215c1973790 code [0x00000215c1973920, 0x00000215c19739e8]
Event: 1.530 Thread 0x00000215ceb1e010  662       1       java.util.concurrent.ConcurrentHashMap$MapEntry::getValue (5 bytes)
Event: 1.530 Thread 0x00000215ceb1e010 nmethod 662 0x00000215c1973a90 code [0x00000215c1973c20, 0x00000215c1973ce8]
Event: 1.530 Thread 0x00000215ceb1e010  663       3       java.util.concurrent.ConcurrentHashMap$EntryIterator::next (5 bytes)
Event: 1.530 Thread 0x00000215ceb1e010 nmethod 663 0x00000215b9f5b210 code [0x00000215b9f5b3c0, 0x00000215b9f5b4f8]
Event: 1.530 Thread 0x00000215ceb1e010  664       3       java.util.concurrent.ConcurrentHashMap$EntryIterator::next (51 bytes)
Event: 1.531 Thread 0x00000215ceb1e010 nmethod 664 0x00000215b9f5b590 code [0x00000215b9f5b780, 0x00000215b9f5bc38]
Event: 1.531 Thread 0x00000215ceb1e010  665       3       java.util.concurrent.ConcurrentHashMap$MapEntry::<init> (20 bytes)
Event: 1.531 Thread 0x00000215ceb1e010 nmethod 665 0x00000215b9f5be10 code [0x00000215b9f5bfc0, 0x00000215b9f5c240]
Event: 1.532 Thread 0x00000215ceb1e010  666       3       jdk.internal.jimage.ImageLocation::verifyName (161 bytes)
Event: 1.533 Thread 0x00000215ceb1e010 nmethod 666 0x00000215b9f5c310 code [0x00000215b9f5c660, 0x00000215b9f5dbb0]
Event: 1.533 Thread 0x00000215ceb1e010  669       1       java.net.URL::getRef (5 bytes)
Event: 1.534 Thread 0x00000215ceb1e010 nmethod 669 0x00000215c1973d90 code [0x00000215c1973f20, 0x00000215c1973fe8]
Event: 1.534 Thread 0x00000215ceb1e010  670       3       jdk.internal.jimage.ImageStringsReader::stringFromByteBufferMatches (138 bytes)
Event: 1.534 Thread 0x00000215ceb1e6e0  655 %     4       java.lang.StringLatin1::inflate @ 3 (34 bytes)
Event: 1.535 Thread 0x00000215ceb1e010 nmethod 670 0x00000215b9f5e510 code [0x00000215b9f5e800, 0x00000215b9f5f8d8]
Event: 1.535 Thread 0x00000215ceb1e010  671       3       jdk.internal.jimage.BasicImageReader::verifyLocation (39 bytes)
Event: 1.535 Thread 0x00000215ceb1e010 nmethod 671 0x00000215b9f60010 code [0x00000215b9f601e0, 0x00000215b9f604b8]

GC Heap History (0 events):
No events

Dll operation events (8 events):
Event: 0.288 Loaded shared library C:\Users\Usuario\.p2\pool\plugins\org.eclipse.justj.openjdk.hotspot.jre.full.win32.x86_64_21.0.10.v20260205-0638\jre\bin\java.dll
Event: 0.388 Loaded shared library C:\Users\Usuario\.p2\pool\plugins\org.eclipse.justj.openjdk.hotspot.jre.full.win32.x86_64_21.0.10.v20260205-0638\jre\bin\zip.dll
Event: 0.459 Loaded shared library C:\Users\Usuario\.p2\pool\plugins\org.eclipse.justj.openjdk.hotspot.jre.full.win32.x86_64_21.0.10.v20260205-0638\jre\bin\jimage.dll
Event: 0.538 Loaded shared library C:\Users\Usuario\.p2\pool\plugins\org.eclipse.justj.openjdk.hotspot.jre.full.win32.x86_64_21.0.10.v20260205-0638\jre\bin\net.dll
Event: 0.591 Loaded shared library C:\Users\Usuario\.p2\pool\plugins\org.eclipse.justj.openjdk.hotspot.jre.full.win32.x86_64_21.0.10.v20260205-0638\jre\bin\nio.dll
Event: 0.598 Loaded shared library C:\Users\Usuario\.p2\pool\plugins\org.eclipse.justj.openjdk.hotspot.jre.full.win32.x86_64_21.0.10.v20260205-0638\jre\bin\zip.dll
Event: 0.738 Loaded shared library C:\Users\Usuario\.p2\pool\plugins\org.eclipse.justj.openjdk.hotspot.jre.full.win32.x86_64_21.0.10.v20260205-0638\jre\bin\awt.dll
Event: 1.217 Loaded shared library C:\Users\Usuario\.p2\pool\plugins\org.eclipse.justj.openjdk.hotspot.jre.full.win32.x86_64_21.0.10.v20260205-0638\jre\bin\javaaccessbridge.dll

Deoptimization events (2 events):
Event: 1.435 Thread 0x00000215ceede210 DEOPT PACKING pc=0x00000215b9e8c97c sp=0x00000034284fa7c0
Event: 1.435 Thread 0x00000215ceede210 DEOPT UNPACKING pc=0x00000215c13f86e2 sp=0x00000034284f9be0 mode 0

Classes loaded (20 events):
Event: 1.495 Loading class java/util/stream/Nodes$SpinedNodeBuilder
Event: 1.495 Loading class java/util/stream/SpinedBuffer
Event: 1.496 Loading class java/util/stream/AbstractSpinedBuffer
Event: 1.496 Loading class java/util/stream/AbstractSpinedBuffer done
Event: 1.496 Loading class java/util/stream/SpinedBuffer done
Event: 1.496 Loading class java/util/stream/Nodes$SpinedNodeBuilder done
Event: 1.498 Loading class java/util/ResourceBundle$Control$2
Event: 1.498 Loading class java/util/ResourceBundle$Control$2 done
Event: 1.501 Loading class java/util/PropertyResourceBundle
Event: 1.501 Loading class java/util/PropertyResourceBundle done
Event: 1.501 Loading class sun/util/PropertyResourceBundleCharset
Event: 1.501 Loading class sun/util/PropertyResourceBundleCharset done
Event: 1.501 Loading class sun/util/PropertyResourceBundleCharset$PropertiesFileDecoder
Event: 1.502 Loading class sun/util/PropertyResourceBundleCharset$PropertiesFileDecoder done
Event: 1.532 Loading class jdk/internal/foreign/MemorySessionImpl
Event: 1.532 Loading class java/lang/foreign/MemorySegment$Scope
Event: 1.533 Loading class java/lang/foreign/MemorySegment$Scope done
Event: 1.533 Loading class jdk/internal/foreign/MemorySessionImpl done
Event: 1.535 Loading class java/text/MessageFormat
Event: 1.536 Loading class java/text/MessageFormat done

Classes unloaded (0 events):
No events

Classes redefined (0 events):
No events

Internal exceptions (10 events):
Event: 0.604 Thread 0x00000215b4b6f8d0 Exception <a 'java/lang/ClassNotFoundException'{0x000000008ad238d0}: sun/awt/resources/spi/awtProvider> (0x000000008ad238d0) 
thrown [s\src\hotspot\share\classfile\systemDictionary.cpp, line 312]
Event: 1.222 Thread 0x00000215b4b6f8d0 Exception <a 'java/lang/ClassNotFoundException'{0x000000008ab48c68}: com/sun/accessibility/internal/resources/spi/accessibilityProvider> (0x000000008ab48c68) 
thrown [s\src\hotspot\share\classfile\systemDictionary.cpp, line 312]
Event: 1.257 Thread 0x00000215b4b6f8d0 Exception <a 'java/lang/NoSuchMethodError'{0x000000008abc7e78}: 'void java.lang.invoke.DirectMethodHandle$Holder.invokeStatic(java.lang.Object, java.lang.Object)'> (0x000000008abc7e78) 
thrown [s\src\hotspot\share\interpreter\linkResolver.cpp, line 773]
Event: 1.303 Thread 0x00000215b4b6f8d0 Exception <a 'java/lang/NoSuchMethodError'{0x000000008abe76c8}: 'void java.lang.invoke.DirectMethodHandle$Holder.invokeSpecial(java.lang.Object, java.lang.Object, java.lang.Object)'> (0x000000008abe76c8) 
thrown [s\src\hotspot\share\interpreter\linkResolver.cpp, line 773]
Event: 1.312 Thread 0x00000215b4b6f8d0 Exception <a 'java/lang/NoSuchMethodError'{0x000000008aa803c8}: 'java.lang.Object java.lang.invoke.DirectMethodHandle$Holder.newInvokeSpecial(java.lang.Object, java.lang.Object, java.lang.Object, java.lang.Object, java.lang.Object)'> (0x000000008aa803c8) 
thrown [s\src\hotspot\share\interpreter\linkResolver.cpp, line 773]
Event: 1.319 Thread 0x00000215b4b6f8d0 Exception <a 'java/lang/NoSuchMethodError'{0x000000008aaac7f0}: 'java.lang.Object java.lang.invoke.DirectMethodHandle$Holder.invokeStatic(java.lang.Object, int, java.lang.Object)'> (0x000000008aaac7f0) 
thrown [s\src\hotspot\share\interpreter\linkResolver.cpp, line 773]
Event: 1.411 Thread 0x00000215ceede210 Exception <a 'java/lang/ClassNotFoundException'{0x000000008a809138}: com/sun/swing/internal/plaf/metal/resources/spi/metalProvider> (0x000000008a809138) 
thrown [s\src\hotspot\share\classfile\systemDictionary.cpp, line 312]
Event: 1.413 Thread 0x00000215ceede210 Exception <a 'java/lang/ClassNotFoundException'{0x000000008a80de90}: com/sun/swing/internal/plaf/basic/resources/spi/basicProvider> (0x000000008a80de90) 
thrown [s\src\hotspot\share\classfile\systemDictionary.cpp, line 312]
Event: 1.429 Thread 0x00000215ceede210 Exception <a 'java/lang/NoSuchMethodError'{0x000000008a830af0}: 'int java.lang.invoke.Invokers$Holder.invokeExact_MT(java.lang.Object, java.lang.Object)'> (0x000000008a830af0) 
thrown [s\src\hotspot\share\interpreter\linkResolver.cpp, line 773]
Event: 1.493 Thread 0x00000215ceede210 Exception <a 'java/lang/NoSuchMethodError'{0x000000008a7c89d8}: 'java.lang.Object java.lang.invoke.DirectMethodHandle$Holder.invokeInterface(java.lang.Object, java.lang.Object)'> (0x000000008a7c89d8) 
thrown [s\src\hotspot\share\interpreter\linkResolver.cpp, line 773]

ZGC Phase Switch (0 events):
No events

VM Operations (2 events):
Event: 1.220 Executing non-safepoint VM operation: HandshakeAllThreads (Deoptimize)
Event: 1.220 Executing non-safepoint VM operation: HandshakeAllThreads (Deoptimize) done

Memory protections (0 events):
No events

Nmethod flushes (0 events):
No events

Events (20 events):
Event: 0.390 Thread 0x00000215b4b6f8d0 Thread added: 0x00000215ce5954d0
Event: 0.390 Thread 0x00000215b4b6f8d0 Thread added: 0x00000215ce59a1e0
Event: 0.390 Thread 0x00000215b4b6f8d0 Thread added: 0x00000215ce59efd0
Event: 0.390 Thread 0x00000215b4b6f8d0 Thread added: 0x00000215ce59fb20
Event: 0.391 Thread 0x00000215b4b6f8d0 Thread added: 0x00000215ce5ac1e0
Event: 0.391 Thread 0x00000215b4b6f8d0 Thread added: 0x00000215ce5adc50
Event: 0.391 Thread 0x00000215b4b6f8d0 Thread added: 0x00000215ceb110a0
Event: 0.392 Thread 0x00000215b4b6f8d0 Thread added: 0x00000215ceb1e010
Event: 0.416 Thread 0x00000215b4b6f8d0 Thread added: 0x00000215cec6df90
Event: 0.421 Thread 0x00000215b4b6f8d0 Thread added: 0x00000215cec76660
Event: 0.838 Thread 0x00000215b4b6f8d0 Thread added: 0x00000215cee3cdf0
Event: 0.840 Thread 0x00000215b4b6f8d0 Thread added: 0x00000215cee3f640
Event: 0.842 Thread 0x00000215b4b6f8d0 Thread added: 0x00000215cee3fcb0
Event: 1.233 Thread 0x00000215b4b6f8d0 Thread added: 0x00000215cee570e0
Event: 1.254 Thread 0x00000215b4b6f8d0 Thread added: 0x00000215cee676a0
Event: 1.379 Thread 0x00000215b4b6f8d0 Thread added: 0x00000215ceede210
Event: 1.380 Thread 0x00000215b4b6f8d0 Thread exited: 0x00000215b4b6f8d0
Event: 1.380 Thread 0x00000215b4b6f8d0 Thread added: 0x00000215b4b6f8d0
Event: 1.445 Thread 0x00000215ceede210 Thread added: 0x0000021614d89b20
Event: 1.534 Thread 0x00000215ceb1e010 Thread added: 0x00000215ceb1e6e0


Dynamic libraries:
0x00007ff772870000 - 0x00007ff77287e000 	C:\Users\Usuario\.p2\pool\plugins\org.eclipse.justj.openjdk.hotspot.jre.full.win32.x86_64_21.0.10.v20260205-0638\jre\bin\javaw.exe
0x00007ffa4fbc0000 - 0x00007ffa4fe27000 	C:\WINDOWS\SYSTEM32\ntdll.dll
0x00007ffa4eeb0000 - 0x00007ffa4ef79000 	C:\WINDOWS\System32\KERNEL32.DLL
0x00007ffa4c620000 - 0x00007ffa4ca17000 	C:\WINDOWS\System32\KERNELBASE.dll
0x00007ffa4d520000 - 0x00007ffa4d66b000 	C:\WINDOWS\System32\ucrtbase.dll
0x00007ffa23cb0000 - 0x00007ffa23cce000 	C:\Users\Usuario\.p2\pool\plugins\org.eclipse.justj.openjdk.hotspot.jre.full.win32.x86_64_21.0.10.v20260205-0638\jre\bin\VCRUNTIME140.dll
0x00007ffa1b6f0000 - 0x00007ffa1b708000 	C:\Users\Usuario\.p2\pool\plugins\org.eclipse.justj.openjdk.hotspot.jre.full.win32.x86_64_21.0.10.v20260205-0638\jre\bin\jli.dll
0x00007ffa4d940000 - 0x00007ffa4db06000 	C:\WINDOWS\System32\USER32.dll
0x00007ffa4c5f0000 - 0x00007ffa4c617000 	C:\WINDOWS\System32\win32u.dll
0x00007ffa4de80000 - 0x00007ffa4deab000 	C:\WINDOWS\System32\GDI32.dll
0x00007ffa4d3f0000 - 0x00007ffa4d51c000 	C:\WINDOWS\System32\gdi32full.dll
0x00007ffa4ca20000 - 0x00007ffa4cac3000 	C:\WINDOWS\System32\msvcp_win.dll
0x00007ffa37790000 - 0x00007ffa37a22000 	C:\WINDOWS\WinSxS\amd64_microsoft.windows.common-controls_6595b64144ccf1df_6.0.26100.8457_none_3e0b2faee331e92d\COMCTL32.dll
0x00007ffa4dca0000 - 0x00007ffa4dd49000 	C:\WINDOWS\System32\msvcrt.dll
0x00007ffa4fb40000 - 0x00007ffa4fb72000 	C:\WINDOWS\System32\IMM32.DLL
0x00007ffa49080000 - 0x00007ffa4908c000 	C:\Users\Usuario\.p2\pool\plugins\org.eclipse.justj.openjdk.hotspot.jre.full.win32.x86_64_21.0.10.v20260205-0638\jre\bin\vcruntime140_1.dll
0x00007ffa1a100000 - 0x00007ffa1a18d000 	C:\Users\Usuario\.p2\pool\plugins\org.eclipse.justj.openjdk.hotspot.jre.full.win32.x86_64_21.0.10.v20260205-0638\jre\bin\msvcp140.dll
0x00007ff9a2d60000 - 0x00007ff9a3b01000 	C:\Users\Usuario\.p2\pool\plugins\org.eclipse.justj.openjdk.hotspot.jre.full.win32.x86_64_21.0.10.v20260205-0638\jre\bin\server\jvm.dll
0x00007ffa4ebb0000 - 0x00007ffa4ec66000 	C:\WINDOWS\System32\ADVAPI32.dll
0x00007ffa4f050000 - 0x00007ffa4f0f7000 	C:\WINDOWS\System32\sechost.dll
0x00007ffa4e910000 - 0x00007ffa4ea28000 	C:\WINDOWS\System32\RPCRT4.dll
0x00007ffa4db60000 - 0x00007ffa4dbe0000 	C:\WINDOWS\System32\WS2_32.dll
0x00007ffa4c450000 - 0x00007ffa4c4ae000 	C:\WINDOWS\SYSTEM32\POWRPROF.dll
0x00007ffa41a80000 - 0x00007ffa41ab6000 	C:\WINDOWS\SYSTEM32\WINMM.dll
0x00007ffa45e70000 - 0x00007ffa45e7b000 	C:\WINDOWS\SYSTEM32\VERSION.dll
0x00007ffa4c430000 - 0x00007ffa4c444000 	C:\WINDOWS\SYSTEM32\UMPDC.dll
0x00007ffa4b320000 - 0x00007ffa4b33b000 	C:\WINDOWS\SYSTEM32\kernel.appcore.dll
0x00007ffa12be0000 - 0x00007ffa12bea000 	C:\Users\Usuario\.p2\pool\plugins\org.eclipse.justj.openjdk.hotspot.jre.full.win32.x86_64_21.0.10.v20260205-0638\jre\bin\jimage.dll
0x00007ffa4a440000 - 0x00007ffa4a682000 	C:\WINDOWS\SYSTEM32\DBGHELP.DLL
0x00007ffa4e340000 - 0x00007ffa4e6c3000 	C:\WINDOWS\System32\combase.dll
0x00007ffa4e6d0000 - 0x00007ffa4e7a9000 	C:\WINDOWS\System32\OLEAUT32.dll
0x00007ffa33a30000 - 0x00007ffa33a6b000 	C:\WINDOWS\SYSTEM32\dbgcore.DLL
0x00007ffa4d340000 - 0x00007ffa4d3e8000 	C:\WINDOWS\System32\bcryptPrimitives.dll
0x00007ffa01b40000 - 0x00007ffa01b60000 	C:\Users\Usuario\.p2\pool\plugins\org.eclipse.justj.openjdk.hotspot.jre.full.win32.x86_64_21.0.10.v20260205-0638\jre\bin\java.dll
0x00007ffa4f3c0000 - 0x00007ffa4fb2e000 	C:\WINDOWS\System32\SHELL32.dll
0x00007ffa4cad0000 - 0x00007ffa4d33c000 	C:\WINDOWS\System32\windows.storage.dll
0x00007ffa4ea30000 - 0x00007ffa4eb26000 	C:\WINDOWS\System32\SHCORE.dll
0x00007ffa4dc00000 - 0x00007ffa4dc66000 	C:\WINDOWS\System32\shlwapi.dll
0x00007ffa4c510000 - 0x00007ffa4c539000 	C:\WINDOWS\SYSTEM32\profapi.dll
0x00007ffa01b20000 - 0x00007ffa01b38000 	C:\Users\Usuario\.p2\pool\plugins\org.eclipse.justj.openjdk.hotspot.jre.full.win32.x86_64_21.0.10.v20260205-0638\jre\bin\zip.dll
0x00007ff9f7f90000 - 0x00007ff9f7fa0000 	C:\Users\Usuario\.p2\pool\plugins\org.eclipse.justj.openjdk.hotspot.jre.full.win32.x86_64_21.0.10.v20260205-0638\jre\bin\net.dll
0x00007ffa45a80000 - 0x00007ffa45ba9000 	C:\WINDOWS\SYSTEM32\WINHTTP.dll
0x00007ffa4b8f0000 - 0x00007ffa4b95c000 	C:\WINDOWS\system32\mswsock.dll
0x00007ff9f61c0000 - 0x00007ff9f61d6000 	C:\Users\Usuario\.p2\pool\plugins\org.eclipse.justj.openjdk.hotspot.jre.full.win32.x86_64_21.0.10.v20260205-0638\jre\bin\nio.dll
0x00007ff98b8c0000 - 0x00007ff98ba4f000 	C:\Users\Usuario\.p2\pool\plugins\org.eclipse.justj.openjdk.hotspot.jre.full.win32.x86_64_21.0.10.v20260205-0638\jre\bin\awt.dll
0x00007ffa499a0000 - 0x00007ffa49a40000 	C:\WINDOWS\SYSTEM32\apphelp.dll
0x00007ffa49b70000 - 0x00007ffa49c1a000 	C:\WINDOWS\system32\uxtheme.dll
0x00007ffa4e7b0000 - 0x00007ffa4e90c000 	C:\WINDOWS\System32\MSCTF.dll
0x00007ffa4ed10000 - 0x00007ffa4eea7000 	C:\WINDOWS\System32\ole32.dll
0x00007ffa01b70000 - 0x00007ffa01bbe000 	C:\Users\Usuario\.p2\pool\plugins\org.eclipse.justj.openjdk.hotspot.jre.full.win32.x86_64_21.0.10.v20260205-0638\jre\bin\javaaccessbridge.dll
0x00007ffa2aa00000 - 0x00007ffa2aa07000 	C:\Users\Usuario\.p2\pool\plugins\org.eclipse.justj.openjdk.hotspot.jre.full.win32.x86_64_21.0.10.v20260205-0638\jre\bin\jawt.dll
0x00007ffa49e10000 - 0x00007ffa49e3f000 	C:\WINDOWS\system32\DWMAPI.DLL
0x00007ffa00b60000 - 0x00007ffa00c6f000 	C:\WINDOWS\system32\opengl32.dll
0x00007ffa01a90000 - 0x00007ffa01abd000 	C:\WINDOWS\SYSTEM32\GLU32.dll
0x00007ffa49e50000 - 0x00007ffa49e95000 	C:\WINDOWS\SYSTEM32\dxcore.dll

JVMTI agents: none

dbghelp: loaded successfully - version: 4.0.5 - missing functions: none
symbol engine: initialized successfully - sym options: 0x614 - pdb path: .;C:\Users\Usuario\.p2\pool\plugins\org.eclipse.justj.openjdk.hotspot.jre.full.win32.x86_64_21.0.10.v20260205-0638\jre\bin;C:\WINDOWS\SYSTEM32;C:\WINDOWS\WinSxS\amd64_microsoft.windows.common-controls_6595b64144ccf1df_6.0.26100.8457_none_3e0b2faee331e92d;C:\Users\Usuario\.p2\pool\plugins\org.eclipse.justj.openjdk.hotspot.jre.full.win32.x86_64_21.0.10.v20260205-0638\jre\bin\server

VM Arguments:
jvm_args: -Dfile.encoding=UTF-8 -Dstdout.encoding=UTF-8 -Dstderr.encoding=UTF-8 -XX:+ShowCodeDetailsInExceptionMessages 
java_command: PANEL.MainGUI
java_class_path (initial): C:\Users\Usuario\OneDrive\Documentos\Nueva carpeta\FINAL\ProjecteCivilizations\bin;C:\Users\Usuario\OneDrive\Documentos\Nueva carpeta\FINAL\ProjecteCivilizations\lib\mysql-connector-j-9.7.0.jar
Launcher Type: SUN_STANDARD

[Global flags]
     intx CICompilerCount                          = 4                                         {product} {ergonomic}
     uint ConcGCThreads                            = 2                                         {product} {ergonomic}
     uint G1ConcRefinementThreads                  = 8                                         {product} {ergonomic}
   size_t G1HeapRegionSize                         = 1048576                                   {product} {ergonomic}
    uintx GCDrainStackTargetSize                   = 64                                        {product} {ergonomic}
   size_t InitialHeapSize                          = 132120576                                 {product} {ergonomic}
   size_t MarkStackSize                            = 4194304                                   {product} {ergonomic}
   size_t MaxHeapSize                              = 2095054848                                {product} {ergonomic}
   size_t MaxNewSize                               = 1256194048                                {product} {ergonomic}
   size_t MinHeapDeltaBytes                        = 1048576                                   {product} {ergonomic}
   size_t MinHeapSize                              = 8388608                                   {product} {ergonomic}
    uintx NonNMethodCodeHeapSize                   = 5839372                                {pd product} {ergonomic}
    uintx NonProfiledCodeHeapSize                  = 122909434                              {pd product} {ergonomic}
    uintx ProfiledCodeHeapSize                     = 122909434                              {pd product} {ergonomic}
    uintx ReservedCodeCacheSize                    = 251658240                              {pd product} {ergonomic}
     bool SegmentedCodeCache                       = true                                      {product} {ergonomic}
     bool ShowCodeDetailsInExceptionMessages       = true                                   {manageable} {command line}
   size_t SoftMaxHeapSize                          = 2095054848                             {manageable} {ergonomic}
     bool UseCompressedOops                        = true                           {product lp64_product} {ergonomic}
     bool UseG1GC                                  = true                                      {product} {ergonomic}
     bool UseLargePagesIndividualAllocation        = false                                  {pd product} {ergonomic}

Logging:
Log output configuration:
 #0: stdout all=warning uptime,level,tags foldmultilines=false
 #1: stderr all=off uptime,level,tags foldmultilines=false

Release file:
JAVA_VERSION="21.0.10" 
MODULES="java.base java.compiler java.datatransfer java.xml java.prefs java.desktop java.instrument java.logging java.management java.security.sasl java.naming java.rmi java.management.rmi java.net.http java.scripting java.security.jgss java.transaction.xa java.sql java.sql.rowset java.xml.crypto java.se java.smartcardio jdk.accessibility jdk.internal.jvmstat jdk.attach jdk.charsets jdk.internal.opt jdk.zipfs jdk.compiler jdk.crypto.ec jdk.crypto.cryptoki jdk.crypto.mscapi jdk.dynalink jdk.internal.ed jdk.editpad jdk.hotspot.agent jdk.httpserver jdk.internal.le jdk.internal.vm.ci jdk.internal.vm.compiler jdk.internal.vm.compiler.management jdk.jartool jdk.javadoc jdk.jcmd jdk.management jdk.management.agent jdk.jconsole jdk.jdeps jdk.jdwp.agent jdk.jdi jdk.jfr jdk.jshell jdk.jsobject jdk.jstatd jdk.localedata jdk.management.jfr jdk.naming.dns jdk.naming.rmi jdk.net jdk.nio.mapmode jdk.random jdk.sctp jdk.security.auth jdk.security.jgss jdk.unsupported jdk.unsupported.desktop jdk.xml.dom" 

Environment Variables:
PATH=C:/Users/Usuario/.p2/pool/plugins/org.eclipse.justj.openjdk.hotspot.jre.full.win32.x86_64_21.0.10.v20260205-0638/jre/bin/server;C:/Users/Usuario/.p2/pool/plugins/org.eclipse.justj.openjdk.hotspot.jre.full.win32.x86_64_21.0.10.v20260205-0638/jre/bin;C:\Program Files\Common Files\Oracle\Java\javapath;C:\Users\Usuario\AppData\Local\Programs\Python\Python313\python.exe;C:\Users\Usuario\AppData\Local\Programs\Python\Python38\Scripts;C:\Users\SYSTEM\AppData\Roaming\Python\Python3.8\Scripts;C:\WINDOWS\system32;C:\WINDOWS;C:\WINDOWS\System32\Wbem;C:\WINDOWS\System32\WindowsPowerShell\v1.0\;C:\WINDOWS\System32\OpenSSH\;C:\Program Files\Microsoft SQL Server\Client SDK\ODBC\170\Tools\Binn\;C:\Program Files (x86)\Microsoft SQL Server\150\Tools\Binn\;C:\Program Files\Microsoft SQL Server\150\Tools\Binn\;C:\Program Files\Microsoft SQL Server\150\DTS\Binn\;C:\Program Files (x86)\Microsoft SQL Server\160\DTS\Binn\;C:\Program Files\Azure Data Studio\bin;C:\Program Files\Git\cmd;C:\Program Files\nodejs\;C:\Users\Usuario\Downloads\mongodb-database-tools-windows-x86_64-100.16.0\mongodb-database-tools-windows-x86_64-100.16.0\bin;C:\Users\Usuario\AppData\Local\Programs\oh-my-posh\bin\;C:\Users\Usuario\AppData\Local\Programs\Python\Python310\Scripts\;C:\Users\Usuario\AppData\Local\Programs\Python\Python310\;C:\Users\Usuario\AppData\Local\Programs\Python\Python313\Scripts\;C:\Users\Usuario\AppData\Local\Programs\Python\Python313\;C:\Users\Usuario\AppData\Local\Programs\Python\Python38\Scripts\;C:\Users\Usuario\AppData\Local\Programs\Python\Python38\;C:\Program Files (x86)\Microsoft Visual Studio\Common\Tools\WinNT;C:\Program Files (x86)\Microsoft Visual Studio\Common\MSDev98\Bin;C:\Program Files (x86)\Microsoft Visual Studio\Common\Tools;C:\Program Files (x86)\Microsoft Visual Studio\VC98\bin;C:\Users\Usuario\AppData\Local\Microsoft\WindowsApps;C:\Program Files\Azure Data Studio\bin;C:\Users\Usuario\AppData\Local\Programs\Microsoft VS Code\bin;C:\Users\Usuario\AppData\Local\GitHubDesktop\bin;C:\Program Files\nodejs\;C:\Users\Usuario\AppData\Roaming\npm;C:\WINDOWS\system32;
USERNAME=Usuario
OS=Windows_NT
PROCESSOR_IDENTIFIER=Intel64 Family 6 Model 140 Stepping 1, GenuineIntel
TMP=C:\Users\Usuario\AppData\Local\Temp
TEMP=C:\Users\Usuario\AppData\Local\Temp




Periodic native trim disabled

---------------  S Y S T E M  ---------------

OS:
 Windows 11 , 64 bit Build 26100 (10.0.26100.8328)
OS uptime: 0 days 7:10 hours
Hyper-V role detected

CPU: total 8 (initial active 8) (4 cores per cpu, 2 threads per core) family 6 model 140 stepping 1 microcode 0x9a, cx8, cmov, fxsr, ht, mmx, 3dnowpref, sse, sse2, sse3, ssse3, sse4.1, sse4.2, popcnt, lzcnt, tsc, tscinvbit, avx, avx2, aes, erms, clmul, bmi1, bmi2, adx, avx512f, avx512dq, avx512cd, avx512bw, avx512vl, sha, fma, vzeroupper, avx512_vpopcntdq, avx512_vpclmulqdq, avx512_vaes, avx512_vnni, clflush, clflushopt, clwb, avx512_vbmi2, avx512_vbmi, hv, rdtscp, rdpid, fsrm, gfni, avx512_bitalg, f16c, cet_ibt, cet_ss, avx512_ifma
Processor Information for processor 0
  Max Mhz: 2419, Current Mhz: 2419, Mhz Limit: 2419
Processor Information for processor 1
  Max Mhz: 2419, Current Mhz: 2419, Mhz Limit: 2419
Processor Information for processor 2
  Max Mhz: 2419, Current Mhz: 2419, Mhz Limit: 2419
Processor Information for processor 3
  Max Mhz: 2419, Current Mhz: 2419, Mhz Limit: 2419
Processor Information for processor 4
  Max Mhz: 2419, Current Mhz: 2419, Mhz Limit: 2419
Processor Information for processor 5
  Max Mhz: 2419, Current Mhz: 1209, Mhz Limit: 2419
Processor Information for processor 6
  Max Mhz: 2419, Current Mhz: 1209, Mhz Limit: 2419
Processor Information for processor 7
  Max Mhz: 2419, Current Mhz: 2419, Mhz Limit: 2419

Memory: 4k page, system-wide physical 7991M (657M free)
TotalPageFile size 19760M (AvailPageFile size 0M)
current process WorkingSet (physical memory assigned to process): 63M, peak: 63M
current process commit charge ("private bytes"): 219M, peak: 219M

vm_info: OpenJDK 64-Bit Server VM (21.0.10+7-LTS) for windows-amd64 JRE (21.0.10+7-LTS), built on 2026-01-20T00:00:00Z by "admin" with MS VC++ 17.12 (VS2022)

END.
