#
# There is insufficient memory for the Java Runtime Environment to continue.
# Native memory allocation (malloc) failed to allocate 201184 bytes. Error detail: Chunk::new
# Possible reasons:
#   The system is out of physical RAM or swap space
#   This process is running with CompressedOops enabled, and the Java Heap may be blocking the growth of the native heap
# Possible solutions:
#   Reduce memory load on the system
#   Increase physical memory or swap space
#   Check if swap backing store is full
#   Decrease Java heap size (-Xmx/-Xms)
#   Decrease number of Java threads
#   Decrease Java thread stack sizes (-Xss)
#   Set larger code cache with -XX:ReservedCodeCacheSize=
#   JVM is running with Unscaled Compressed Oops mode in which the Java heap is
#     placed in the first 4GB address space. The Java Heap base address is the
#     maximum limit for the native heap growth. Please use -XX:HeapBaseMinAddress
#     to set the Java Heap base and to place the Java Heap above 4GB virtual address.
# This output file may be truncated or incomplete.
#
#  Out of Memory Error (arena.cpp:168), pid=22764, tid=13356
#
# JRE version: OpenJDK Runtime Environment Temurin-21.0.10+7 (21.0.10+7) (build 21.0.10+7-LTS)
# Java VM: OpenJDK 64-Bit Server VM Temurin-21.0.10+7 (21.0.10+7-LTS, mixed mode, sharing, tiered, compressed oops, compressed class ptrs, g1 gc, windows-amd64)
# No core dump will be written. Minidumps are not enabled by default on client versions of Windows
#

---------------  S U M M A R Y ------------

Command Line: -Dfile.encoding=UTF-8 -Dstdout.encoding=UTF-8 -Dstderr.encoding=UTF-8 -XX:+ShowCodeDetailsInExceptionMessages PANEL.MainGUI

Host: 11th Gen Intel(R) Core(TM) i5-1135G7 @ 2.40GHz, 8 cores, 7G,  Windows 11 , 64 bit Build 26100 (10.0.26100.8328)
Time: Thu May 21 07:35:15 2026 UTC+13 elapsed time: 1.562268 seconds (0d 0h 0m 1s)

---------------  T H R E A D  ---------------

Current thread (0x0000025ffdf94dd0):  JavaThread "C2 CompilerThread0" daemon [_thread_in_native, id=13356, stack(0x000000725f800000,0x000000725f900000) (1024K)]


Current CompileTask:
C2:1562  662 %     4       java.util.Properties$LineReader::readLine @ 53 (584 bytes)

Stack: [0x000000725f800000,0x000000725f900000]
Native frames: (J=compiled Java code, j=interpreted, Vv=VM code, C=native code)
V  [jvm.dll+0x6d7a39]
V  [jvm.dll+0x8b4b26]
V  [jvm.dll+0x8b70de]
V  [jvm.dll+0x8b77c3]
V  [jvm.dll+0x284346]
V  [jvm.dll+0xc66ed]
V  [jvm.dll+0xc6c31]
V  [jvm.dll+0x3bec3b]
V  [jvm.dll+0x38b162]
V  [jvm.dll+0x38a5aa]
V  [jvm.dll+0x24c560]
V  [jvm.dll+0x24bb40]
V  [jvm.dll+0x1cb34e]
V  [jvm.dll+0x25b85d]
V  [jvm.dll+0x259dea]
V  [jvm.dll+0x3f857e]
V  [jvm.dll+0x85f59d]
V  [jvm.dll+0x6d626d]
C  [ucrtbase.dll+0x37b0]
C  [KERNEL32.DLL+0x2e957]
C  [ntdll.dll+0x427c]


---------------  P R O C E S S  ---------------

Threads class SMR info:
_java_thread_list=0x0000025ffe18a900, length=19, elements={
0x0000025ffdf89de0, 0x0000025ffdf8b3b0, 0x0000025ffdf8f070, 0x0000025ffdf90050,
0x0000025ffdf91710, 0x0000025ffdf92390, 0x0000025ffdf94dd0, 0x0000025ffdfa8380,
0x0000025ffe0f4270, 0x0000025ffe0fced0, 0x0000025ffe2d1620, 0x0000025ffe2d4eb0,
0x0000025ffe2d5d40, 0x0000025ffe2fa190, 0x0000025ffe32e820, 0x0000025ffe354cf0,
0x0000025ff331f930, 0x0000025ffe3c17e0, 0x0000025ffe19fa60
}

Java Threads: ( => current thread )
  0x0000025ffdf89de0 JavaThread "Reference Handler"          daemon [_thread_blocked, id=22940, stack(0x000000725f200000,0x000000725f300000) (1024K)]
  0x0000025ffdf8b3b0 JavaThread "Finalizer"                  daemon [_thread_blocked, id=18908, stack(0x000000725f300000,0x000000725f400000) (1024K)]
  0x0000025ffdf8f070 JavaThread "Signal Dispatcher"          daemon [_thread_blocked, id=2692, stack(0x000000725f400000,0x000000725f500000) (1024K)]
  0x0000025ffdf90050 JavaThread "Attach Listener"            daemon [_thread_blocked, id=14024, stack(0x000000725f500000,0x000000725f600000) (1024K)]
  0x0000025ffdf91710 JavaThread "Service Thread"             daemon [_thread_blocked, id=13464, stack(0x000000725f600000,0x000000725f700000) (1024K)]
  0x0000025ffdf92390 JavaThread "Monitor Deflation Thread"   daemon [_thread_blocked, id=24888, stack(0x000000725f700000,0x000000725f800000) (1024K)]
=>0x0000025ffdf94dd0 JavaThread "C2 CompilerThread0"         daemon [_thread_in_native, id=13356, stack(0x000000725f800000,0x000000725f900000) (1024K)]
  0x0000025ffdfa8380 JavaThread "C1 CompilerThread0"         daemon [_thread_blocked, id=24976, stack(0x000000725f900000,0x000000725fa00000) (1024K)]
  0x0000025ffe0f4270 JavaThread "Notification Thread"        daemon [_thread_blocked, id=13828, stack(0x000000725fa00000,0x000000725fb00000) (1024K)]
  0x0000025ffe0fced0 JavaThread "Common-Cleaner"             daemon [_thread_blocked, id=19352, stack(0x000000725fb00000,0x000000725fc00000) (1024K)]
  0x0000025ffe2d1620 JavaThread "Java2D Disposer"            daemon [_thread_blocked, id=352, stack(0x000000725fc00000,0x000000725fd00000) (1024K)]
  0x0000025ffe2d4eb0 JavaThread "AWT-Shutdown"                      [_thread_blocked, id=12240, stack(0x000000725fd00000,0x000000725fe00000) (1024K)]
  0x0000025ffe2d5d40 JavaThread "AWT-Windows"                daemon [_thread_in_native, id=25824, stack(0x000000725fe00000,0x000000725ff00000) (1024K)]
  0x0000025ffe2fa190 JavaThread "EventQueueMonitor-ComponentEvtDispatch" daemon [_thread_blocked, id=22060, stack(0x000000725ff00000,0x0000007260000000) (1024K)]
  0x0000025ffe32e820 JavaThread "Thread-1"                   daemon [_thread_in_native, id=11756, stack(0x0000007260000000,0x0000007260100000) (1024K)]
  0x0000025ffe354cf0 JavaThread "AWT-EventQueue-0"                  [_thread_in_Java, id=3848, stack(0x0000007260100000,0x0000007260200000) (1024K)]
  0x0000025ff331f930 JavaThread "DestroyJavaVM"                     [_thread_blocked, id=25920, stack(0x000000725ea00000,0x000000725eb00000) (1024K)]
  0x0000025ffe3c17e0 JavaThread "mysql-cj-abandoned-connection-cleanup" daemon [_thread_blocked, id=9812, stack(0x0000007260200000,0x0000007260300000) (1024K)]
  0x0000025ffe19fa60 JavaThread "C2 CompilerThread1"         daemon [_thread_in_native, id=24580, stack(0x0000007260300000,0x0000007260400000) (1024K)]
Total: 19

Other Threads:
  0x0000025ffdf69710 VMThread "VM Thread"                           [id=12452, stack(0x000000725f100000,0x000000725f200000) (1024K)]
  0x0000025ffdf57250 WatcherThread "VM Periodic Task Thread"        [id=20652, stack(0x000000725f000000,0x000000725f100000) (1024K)]
  0x0000025ff3373540 WorkerThread "GC Thread#0"                     [id=15036, stack(0x000000725eb00000,0x000000725ec00000) (1024K)]
  0x0000025ff3384700 ConcurrentGCThread "G1 Main Marker"            [id=8672, stack(0x000000725ec00000,0x000000725ed00000) (1024K)]
  0x0000025ff3386830 WorkerThread "G1 Conc#0"                       [id=22624, stack(0x000000725ed00000,0x000000725ee00000) (1024K)]
  0x0000025ffde24180 ConcurrentGCThread "G1 Refine#0"               [id=11464, stack(0x000000725ee00000,0x000000725ef00000) (1024K)]
  0x0000025ffde249b0 ConcurrentGCThread "G1 Service"                [id=18272, stack(0x000000725ef00000,0x000000725f000000) (1024K)]
Total: 7

Threads with active compile tasks:
C2 CompilerThread0  1586  662 %     4       java.util.Properties$LineReader::readLine @ 53 (584 bytes)
C2 CompilerThread1  1586  661       4       java.util.Properties::loadConvert (540 bytes)
Total: 2

VM state: not at safepoint (normal execution)

VM Mutex/Monitor currently owned by a thread:  ([mutex/lock_event])
[0x00007ff9a3a1e460] CodeCache_lock - owner thread: 0x0000000000000000

Heap address: 0x0000000083200000, size: 1998 MB, Compressed Oops mode: 32-bit

CDS archive(s) mapped at: [0x0000025f8f000000-0x0000025f8fc80000-0x0000025f8fc80000), size 13107200, SharedBaseAddress: 0x0000025f8f000000, ArchiveRelocationMode: 1.
Compressed class space mapped at: 0x0000025f90000000-0x0000025fd0000000, reserved size: 1073741824
Narrow klass base: 0x0000025f8f000000, Narrow klass shift: 0, Narrow klass range: 0x100000000

GC Precious Log:
 CardTable entry size: 512
 Card Set container configuration: InlinePtr #cards 5 size 8 Array Of Cards #cards 12 size 40 Howl #buckets 4 coarsen threshold 1843 Howl Bitmap #cards 512 size 80 coarsen threshold 460 Card regions per heap region 1 cards per card region 2048
 CPUs: 8 total, 8 available
 Memory: 7991M
 Large Page Support: Disabled
 NUMA Support: Disabled
 Compressed Oops: Enabled (32-bit)
 Heap Region Size: 1M
 Heap Min Capacity: 8M
 Heap Initial Capacity: 126M
 Heap Max Capacity: 1998M
 Pre-touch: Disabled
 Parallel Workers: 8
 Concurrent Workers: 2
 Concurrent Refinement Workers: 8
 Periodic GC: Disabled

Heap:
 garbage-first heap   total 129024K, used 7168K [0x0000000083200000, 0x0000000100000000)
  region size 1024K, 9 young (9216K), 0 survivors (0K)
 Metaspace       used 5697K, committed 5888K, reserved 1114112K
  class space    used 617K, committed 704K, reserved 1048576K

Heap Regions: E=young(eden), S=young(survivor), O=old, HS=humongous(starts), HC=humongous(continues), CS=collection set, F=free, TAMS=top-at-mark-start, PB=parsable bottom
|   0|0x0000000083200000, 0x0000000083200000, 0x0000000083300000|  0%| F|  |TAMS 0x0000000083200000| PB 0x0000000083200000| Untracked 
|   1|0x0000000083300000, 0x0000000083300000, 0x0000000083400000|  0%| F|  |TAMS 0x0000000083300000| PB 0x0000000083300000| Untracked 
|   2|0x0000000083400000, 0x0000000083400000, 0x0000000083500000|  0%| F|  |TAMS 0x0000000083400000| PB 0x0000000083400000| Untracked 
|   3|0x0000000083500000, 0x0000000083500000, 0x0000000083600000|  0%| F|  |TAMS 0x0000000083500000| PB 0x0000000083500000| Untracked 
|   4|0x0000000083600000, 0x0000000083600000, 0x0000000083700000|  0%| F|  |TAMS 0x0000000083600000| PB 0x0000000083600000| Untracked 
|   5|0x0000000083700000, 0x0000000083700000, 0x0000000083800000|  0%| F|  |TAMS 0x0000000083700000| PB 0x0000000083700000| Untracked 
|   6|0x0000000083800000, 0x0000000083800000, 0x0000000083900000|  0%| F|  |TAMS 0x0000000083800000| PB 0x0000000083800000| Untracked 
|   7|0x0000000083900000, 0x0000000083900000, 0x0000000083a00000|  0%| F|  |TAMS 0x0000000083900000| PB 0x0000000083900000| Untracked 
|   8|0x0000000083a00000, 0x0000000083a00000, 0x0000000083b00000|  0%| F|  |TAMS 0x0000000083a00000| PB 0x0000000083a00000| Untracked 
|   9|0x0000000083b00000, 0x0000000083b00000, 0x0000000083c00000|  0%| F|  |TAMS 0x0000000083b00000| PB 0x0000000083b00000| Untracked 
|  10|0x0000000083c00000, 0x0000000083c00000, 0x0000000083d00000|  0%| F|  |TAMS 0x0000000083c00000| PB 0x0000000083c00000| Untracked 
|  11|0x0000000083d00000, 0x0000000083d00000, 0x0000000083e00000|  0%| F|  |TAMS 0x0000000083d00000| PB 0x0000000083d00000| Untracked 
|  12|0x0000000083e00000, 0x0000000083e00000, 0x0000000083f00000|  0%| F|  |TAMS 0x0000000083e00000| PB 0x0000000083e00000| Untracked 
|  13|0x0000000083f00000, 0x0000000083f00000, 0x0000000084000000|  0%| F|  |TAMS 0x0000000083f00000| PB 0x0000000083f00000| Untracked 
|  14|0x0000000084000000, 0x0000000084000000, 0x0000000084100000|  0%| F|  |TAMS 0x0000000084000000| PB 0x0000000084000000| Untracked 
|  15|0x0000000084100000, 0x0000000084100000, 0x0000000084200000|  0%| F|  |TAMS 0x0000000084100000| PB 0x0000000084100000| Untracked 
|  16|0x0000000084200000, 0x0000000084200000, 0x0000000084300000|  0%| F|  |TAMS 0x0000000084200000| PB 0x0000000084200000| Untracked 
|  17|0x0000000084300000, 0x0000000084300000, 0x0000000084400000|  0%| F|  |TAMS 0x0000000084300000| PB 0x0000000084300000| Untracked 
|  18|0x0000000084400000, 0x0000000084400000, 0x0000000084500000|  0%| F|  |TAMS 0x0000000084400000| PB 0x0000000084400000| Untracked 
|  19|0x0000000084500000, 0x0000000084500000, 0x0000000084600000|  0%| F|  |TAMS 0x0000000084500000| PB 0x0000000084500000| Untracked 
|  20|0x0000000084600000, 0x0000000084600000, 0x0000000084700000|  0%| F|  |TAMS 0x0000000084600000| PB 0x0000000084600000| Untracked 
|  21|0x0000000084700000, 0x0000000084700000, 0x0000000084800000|  0%| F|  |TAMS 0x0000000084700000| PB 0x0000000084700000| Untracked 
|  22|0x0000000084800000, 0x0000000084800000, 0x0000000084900000|  0%| F|  |TAMS 0x0000000084800000| PB 0x0000000084800000| Untracked 
|  23|0x0000000084900000, 0x0000000084900000, 0x0000000084a00000|  0%| F|  |TAMS 0x0000000084900000| PB 0x0000000084900000| Untracked 
|  24|0x0000000084a00000, 0x0000000084a00000, 0x0000000084b00000|  0%| F|  |TAMS 0x0000000084a00000| PB 0x0000000084a00000| Untracked 
|  25|0x0000000084b00000, 0x0000000084b00000, 0x0000000084c00000|  0%| F|  |TAMS 0x0000000084b00000| PB 0x0000000084b00000| Untracked 
|  26|0x0000000084c00000, 0x0000000084c00000, 0x0000000084d00000|  0%| F|  |TAMS 0x0000000084c00000| PB 0x0000000084c00000| Untracked 
|  27|0x0000000084d00000, 0x0000000084d00000, 0x0000000084e00000|  0%| F|  |TAMS 0x0000000084d00000| PB 0x0000000084d00000| Untracked 
|  28|0x0000000084e00000, 0x0000000084e00000, 0x0000000084f00000|  0%| F|  |TAMS 0x0000000084e00000| PB 0x0000000084e00000| Untracked 
|  29|0x0000000084f00000, 0x0000000084f00000, 0x0000000085000000|  0%| F|  |TAMS 0x0000000084f00000| PB 0x0000000084f00000| Untracked 
|  30|0x0000000085000000, 0x0000000085000000, 0x0000000085100000|  0%| F|  |TAMS 0x0000000085000000| PB 0x0000000085000000| Untracked 
|  31|0x0000000085100000, 0x0000000085100000, 0x0000000085200000|  0%| F|  |TAMS 0x0000000085100000| PB 0x0000000085100000| Untracked 
|  32|0x0000000085200000, 0x0000000085200000, 0x0000000085300000|  0%| F|  |TAMS 0x0000000085200000| PB 0x0000000085200000| Untracked 
|  33|0x0000000085300000, 0x0000000085300000, 0x0000000085400000|  0%| F|  |TAMS 0x0000000085300000| PB 0x0000000085300000| Untracked 
|  34|0x0000000085400000, 0x0000000085400000, 0x0000000085500000|  0%| F|  |TAMS 0x0000000085400000| PB 0x0000000085400000| Untracked 
|  35|0x0000000085500000, 0x0000000085500000, 0x0000000085600000|  0%| F|  |TAMS 0x0000000085500000| PB 0x0000000085500000| Untracked 
|  36|0x0000000085600000, 0x0000000085600000, 0x0000000085700000|  0%| F|  |TAMS 0x0000000085600000| PB 0x0000000085600000| Untracked 
|  37|0x0000000085700000, 0x0000000085700000, 0x0000000085800000|  0%| F|  |TAMS 0x0000000085700000| PB 0x0000000085700000| Untracked 
|  38|0x0000000085800000, 0x0000000085800000, 0x0000000085900000|  0%| F|  |TAMS 0x0000000085800000| PB 0x0000000085800000| Untracked 
|  39|0x0000000085900000, 0x0000000085900000, 0x0000000085a00000|  0%| F|  |TAMS 0x0000000085900000| PB 0x0000000085900000| Untracked 
|  40|0x0000000085a00000, 0x0000000085a00000, 0x0000000085b00000|  0%| F|  |TAMS 0x0000000085a00000| PB 0x0000000085a00000| Untracked 
|  41|0x0000000085b00000, 0x0000000085b00000, 0x0000000085c00000|  0%| F|  |TAMS 0x0000000085b00000| PB 0x0000000085b00000| Untracked 
|  42|0x0000000085c00000, 0x0000000085c00000, 0x0000000085d00000|  0%| F|  |TAMS 0x0000000085c00000| PB 0x0000000085c00000| Untracked 
|  43|0x0000000085d00000, 0x0000000085d00000, 0x0000000085e00000|  0%| F|  |TAMS 0x0000000085d00000| PB 0x0000000085d00000| Untracked 
|  44|0x0000000085e00000, 0x0000000085e00000, 0x0000000085f00000|  0%| F|  |TAMS 0x0000000085e00000| PB 0x0000000085e00000| Untracked 
|  45|0x0000000085f00000, 0x0000000085f00000, 0x0000000086000000|  0%| F|  |TAMS 0x0000000085f00000| PB 0x0000000085f00000| Untracked 
|  46|0x0000000086000000, 0x0000000086000000, 0x0000000086100000|  0%| F|  |TAMS 0x0000000086000000| PB 0x0000000086000000| Untracked 
|  47|0x0000000086100000, 0x0000000086100000, 0x0000000086200000|  0%| F|  |TAMS 0x0000000086100000| PB 0x0000000086100000| Untracked 
|  48|0x0000000086200000, 0x0000000086200000, 0x0000000086300000|  0%| F|  |TAMS 0x0000000086200000| PB 0x0000000086200000| Untracked 
|  49|0x0000000086300000, 0x0000000086300000, 0x0000000086400000|  0%| F|  |TAMS 0x0000000086300000| PB 0x0000000086300000| Untracked 
|  50|0x0000000086400000, 0x0000000086400000, 0x0000000086500000|  0%| F|  |TAMS 0x0000000086400000| PB 0x0000000086400000| Untracked 
|  51|0x0000000086500000, 0x0000000086500000, 0x0000000086600000|  0%| F|  |TAMS 0x0000000086500000| PB 0x0000000086500000| Untracked 
|  52|0x0000000086600000, 0x0000000086600000, 0x0000000086700000|  0%| F|  |TAMS 0x0000000086600000| PB 0x0000000086600000| Untracked 
|  53|0x0000000086700000, 0x0000000086700000, 0x0000000086800000|  0%| F|  |TAMS 0x0000000086700000| PB 0x0000000086700000| Untracked 
|  54|0x0000000086800000, 0x0000000086800000, 0x0000000086900000|  0%| F|  |TAMS 0x0000000086800000| PB 0x0000000086800000| Untracked 
|  55|0x0000000086900000, 0x0000000086900000, 0x0000000086a00000|  0%| F|  |TAMS 0x0000000086900000| PB 0x0000000086900000| Untracked 
|  56|0x0000000086a00000, 0x0000000086a00000, 0x0000000086b00000|  0%| F|  |TAMS 0x0000000086a00000| PB 0x0000000086a00000| Untracked 
|  57|0x0000000086b00000, 0x0000000086b00000, 0x0000000086c00000|  0%| F|  |TAMS 0x0000000086b00000| PB 0x0000000086b00000| Untracked 
|  58|0x0000000086c00000, 0x0000000086c00000, 0x0000000086d00000|  0%| F|  |TAMS 0x0000000086c00000| PB 0x0000000086c00000| Untracked 
|  59|0x0000000086d00000, 0x0000000086d00000, 0x0000000086e00000|  0%| F|  |TAMS 0x0000000086d00000| PB 0x0000000086d00000| Untracked 
|  60|0x0000000086e00000, 0x0000000086e00000, 0x0000000086f00000|  0%| F|  |TAMS 0x0000000086e00000| PB 0x0000000086e00000| Untracked 
|  61|0x0000000086f00000, 0x0000000086f00000, 0x0000000087000000|  0%| F|  |TAMS 0x0000000086f00000| PB 0x0000000086f00000| Untracked 
|  62|0x0000000087000000, 0x0000000087000000, 0x0000000087100000|  0%| F|  |TAMS 0x0000000087000000| PB 0x0000000087000000| Untracked 
|  63|0x0000000087100000, 0x0000000087100000, 0x0000000087200000|  0%| F|  |TAMS 0x0000000087100000| PB 0x0000000087100000| Untracked 
|  64|0x0000000087200000, 0x0000000087200000, 0x0000000087300000|  0%| F|  |TAMS 0x0000000087200000| PB 0x0000000087200000| Untracked 
|  65|0x0000000087300000, 0x0000000087300000, 0x0000000087400000|  0%| F|  |TAMS 0x0000000087300000| PB 0x0000000087300000| Untracked 
|  66|0x0000000087400000, 0x0000000087400000, 0x0000000087500000|  0%| F|  |TAMS 0x0000000087400000| PB 0x0000000087400000| Untracked 
|  67|0x0000000087500000, 0x0000000087500000, 0x0000000087600000|  0%| F|  |TAMS 0x0000000087500000| PB 0x0000000087500000| Untracked 
|  68|0x0000000087600000, 0x0000000087600000, 0x0000000087700000|  0%| F|  |TAMS 0x0000000087600000| PB 0x0000000087600000| Untracked 
|  69|0x0000000087700000, 0x0000000087700000, 0x0000000087800000|  0%| F|  |TAMS 0x0000000087700000| PB 0x0000000087700000| Untracked 
|  70|0x0000000087800000, 0x0000000087800000, 0x0000000087900000|  0%| F|  |TAMS 0x0000000087800000| PB 0x0000000087800000| Untracked 
|  71|0x0000000087900000, 0x0000000087900000, 0x0000000087a00000|  0%| F|  |TAMS 0x0000000087900000| PB 0x0000000087900000| Untracked 
|  72|0x0000000087a00000, 0x0000000087a00000, 0x0000000087b00000|  0%| F|  |TAMS 0x0000000087a00000| PB 0x0000000087a00000| Untracked 
|  73|0x0000000087b00000, 0x0000000087b00000, 0x0000000087c00000|  0%| F|  |TAMS 0x0000000087b00000| PB 0x0000000087b00000| Untracked 
|  74|0x0000000087c00000, 0x0000000087c00000, 0x0000000087d00000|  0%| F|  |TAMS 0x0000000087c00000| PB 0x0000000087c00000| Untracked 
|  75|0x0000000087d00000, 0x0000000087d00000, 0x0000000087e00000|  0%| F|  |TAMS 0x0000000087d00000| PB 0x0000000087d00000| Untracked 
|  76|0x0000000087e00000, 0x0000000087e00000, 0x0000000087f00000|  0%| F|  |TAMS 0x0000000087e00000| PB 0x0000000087e00000| Untracked 
|  77|0x0000000087f00000, 0x0000000087f00000, 0x0000000088000000|  0%| F|  |TAMS 0x0000000087f00000| PB 0x0000000087f00000| Untracked 
|  78|0x0000000088000000, 0x0000000088000000, 0x0000000088100000|  0%| F|  |TAMS 0x0000000088000000| PB 0x0000000088000000| Untracked 
|  79|0x0000000088100000, 0x0000000088100000, 0x0000000088200000|  0%| F|  |TAMS 0x0000000088100000| PB 0x0000000088100000| Untracked 
|  80|0x0000000088200000, 0x0000000088200000, 0x0000000088300000|  0%| F|  |TAMS 0x0000000088200000| PB 0x0000000088200000| Untracked 
|  81|0x0000000088300000, 0x0000000088300000, 0x0000000088400000|  0%| F|  |TAMS 0x0000000088300000| PB 0x0000000088300000| Untracked 
|  82|0x0000000088400000, 0x0000000088400000, 0x0000000088500000|  0%| F|  |TAMS 0x0000000088400000| PB 0x0000000088400000| Untracked 
|  83|0x0000000088500000, 0x0000000088500000, 0x0000000088600000|  0%| F|  |TAMS 0x0000000088500000| PB 0x0000000088500000| Untracked 
|  84|0x0000000088600000, 0x0000000088600000, 0x0000000088700000|  0%| F|  |TAMS 0x0000000088600000| PB 0x0000000088600000| Untracked 
|  85|0x0000000088700000, 0x0000000088700000, 0x0000000088800000|  0%| F|  |TAMS 0x0000000088700000| PB 0x0000000088700000| Untracked 
|  86|0x0000000088800000, 0x0000000088800000, 0x0000000088900000|  0%| F|  |TAMS 0x0000000088800000| PB 0x0000000088800000| Untracked 
|  87|0x0000000088900000, 0x0000000088900000, 0x0000000088a00000|  0%| F|  |TAMS 0x0000000088900000| PB 0x0000000088900000| Untracked 
|  88|0x0000000088a00000, 0x0000000088a00000, 0x0000000088b00000|  0%| F|  |TAMS 0x0000000088a00000| PB 0x0000000088a00000| Untracked 
|  89|0x0000000088b00000, 0x0000000088b00000, 0x0000000088c00000|  0%| F|  |TAMS 0x0000000088b00000| PB 0x0000000088b00000| Untracked 
|  90|0x0000000088c00000, 0x0000000088c00000, 0x0000000088d00000|  0%| F|  |TAMS 0x0000000088c00000| PB 0x0000000088c00000| Untracked 
|  91|0x0000000088d00000, 0x0000000088d00000, 0x0000000088e00000|  0%| F|  |TAMS 0x0000000088d00000| PB 0x0000000088d00000| Untracked 
|  92|0x0000000088e00000, 0x0000000088e00000, 0x0000000088f00000|  0%| F|  |TAMS 0x0000000088e00000| PB 0x0000000088e00000| Untracked 
|  93|0x0000000088f00000, 0x0000000088f00000, 0x0000000089000000|  0%| F|  |TAMS 0x0000000088f00000| PB 0x0000000088f00000| Untracked 
|  94|0x0000000089000000, 0x0000000089000000, 0x0000000089100000|  0%| F|  |TAMS 0x0000000089000000| PB 0x0000000089000000| Untracked 
|  95|0x0000000089100000, 0x0000000089100000, 0x0000000089200000|  0%| F|  |TAMS 0x0000000089100000| PB 0x0000000089100000| Untracked 
|  96|0x0000000089200000, 0x0000000089200000, 0x0000000089300000|  0%| F|  |TAMS 0x0000000089200000| PB 0x0000000089200000| Untracked 
|  97|0x0000000089300000, 0x0000000089300000, 0x0000000089400000|  0%| F|  |TAMS 0x0000000089300000| PB 0x0000000089300000| Untracked 
|  98|0x0000000089400000, 0x0000000089400000, 0x0000000089500000|  0%| F|  |TAMS 0x0000000089400000| PB 0x0000000089400000| Untracked 
|  99|0x0000000089500000, 0x0000000089500000, 0x0000000089600000|  0%| F|  |TAMS 0x0000000089500000| PB 0x0000000089500000| Untracked 
| 100|0x0000000089600000, 0x0000000089600000, 0x0000000089700000|  0%| F|  |TAMS 0x0000000089600000| PB 0x0000000089600000| Untracked 
| 101|0x0000000089700000, 0x0000000089700000, 0x0000000089800000|  0%| F|  |TAMS 0x0000000089700000| PB 0x0000000089700000| Untracked 
| 102|0x0000000089800000, 0x0000000089800000, 0x0000000089900000|  0%| F|  |TAMS 0x0000000089800000| PB 0x0000000089800000| Untracked 
| 103|0x0000000089900000, 0x0000000089900000, 0x0000000089a00000|  0%| F|  |TAMS 0x0000000089900000| PB 0x0000000089900000| Untracked 
| 104|0x0000000089a00000, 0x0000000089a00000, 0x0000000089b00000|  0%| F|  |TAMS 0x0000000089a00000| PB 0x0000000089a00000| Untracked 
| 105|0x0000000089b00000, 0x0000000089b00000, 0x0000000089c00000|  0%| F|  |TAMS 0x0000000089b00000| PB 0x0000000089b00000| Untracked 
| 106|0x0000000089c00000, 0x0000000089c00000, 0x0000000089d00000|  0%| F|  |TAMS 0x0000000089c00000| PB 0x0000000089c00000| Untracked 
| 107|0x0000000089d00000, 0x0000000089d00000, 0x0000000089e00000|  0%| F|  |TAMS 0x0000000089d00000| PB 0x0000000089d00000| Untracked 
| 108|0x0000000089e00000, 0x0000000089e00000, 0x0000000089f00000|  0%| F|  |TAMS 0x0000000089e00000| PB 0x0000000089e00000| Untracked 
| 109|0x0000000089f00000, 0x0000000089f00000, 0x000000008a000000|  0%| F|  |TAMS 0x0000000089f00000| PB 0x0000000089f00000| Untracked 
| 110|0x000000008a000000, 0x000000008a000000, 0x000000008a100000|  0%| F|  |TAMS 0x000000008a000000| PB 0x000000008a000000| Untracked 
| 111|0x000000008a100000, 0x000000008a100000, 0x000000008a200000|  0%| F|  |TAMS 0x000000008a100000| PB 0x000000008a100000| Untracked 
| 112|0x000000008a200000, 0x000000008a200000, 0x000000008a300000|  0%| F|  |TAMS 0x000000008a200000| PB 0x000000008a200000| Untracked 
| 113|0x000000008a300000, 0x000000008a300000, 0x000000008a400000|  0%| F|  |TAMS 0x000000008a300000| PB 0x000000008a300000| Untracked 
| 114|0x000000008a400000, 0x000000008a400000, 0x000000008a500000|  0%| F|  |TAMS 0x000000008a400000| PB 0x000000008a400000| Untracked 
| 115|0x000000008a500000, 0x000000008a500000, 0x000000008a600000|  0%| F|  |TAMS 0x000000008a500000| PB 0x000000008a500000| Untracked 
| 116|0x000000008a600000, 0x000000008a675c40, 0x000000008a700000| 46%| E|  |TAMS 0x000000008a600000| PB 0x000000008a600000| Complete 
| 117|0x000000008a700000, 0x000000008a800000, 0x000000008a800000|100%| E|CS|TAMS 0x000000008a700000| PB 0x000000008a700000| Complete 
| 118|0x000000008a800000, 0x000000008a900000, 0x000000008a900000|100%| E|CS|TAMS 0x000000008a800000| PB 0x000000008a800000| Complete 
| 119|0x000000008a900000, 0x000000008aa00000, 0x000000008aa00000|100%| E|CS|TAMS 0x000000008a900000| PB 0x000000008a900000| Complete 
| 120|0x000000008aa00000, 0x000000008ab00000, 0x000000008ab00000|100%| E|CS|TAMS 0x000000008aa00000| PB 0x000000008aa00000| Complete 
| 121|0x000000008ab00000, 0x000000008ac00000, 0x000000008ac00000|100%| E|CS|TAMS 0x000000008ab00000| PB 0x000000008ab00000| Complete 
| 122|0x000000008ac00000, 0x000000008ad00000, 0x000000008ad00000|100%| E|  |TAMS 0x000000008ac00000| PB 0x000000008ac00000| Complete 
| 123|0x000000008ad00000, 0x000000008ae00000, 0x000000008ae00000|100%| E|CS|TAMS 0x000000008ad00000| PB 0x000000008ad00000| Complete 
| 124|0x000000008ae00000, 0x000000008af00000, 0x000000008af00000|100%| E|CS|TAMS 0x000000008ae00000| PB 0x000000008ae00000| Complete 
| 125|0x000000008af00000, 0x000000008b000000, 0x000000008b000000|100%| E|CS|TAMS 0x000000008af00000| PB 0x000000008af00000| Complete 

Card table byte_map: [0x0000025ff9220000,0x0000025ff9610000] _byte_map_base: 0x0000025ff8e07000

Marking Bits: (CMBitMap*) 0x0000025ff3374460
 Bits: [0x0000025ff9610000, 0x0000025ffb548000)

Polling page: 0x0000025ff2ff0000

Metaspace:

Usage:
  Non-class:      4.97 MB used.
      Class:    619.77 KB used.
       Both:      5.58 MB used.

Virtual space:
  Non-class space:       64.00 MB reserved,       5.06 MB (  8%) committed,  1 nodes.
      Class space:        1.00 GB reserved,     704.00 KB ( <1%) committed,  1 nodes.
             Both:        1.06 GB reserved,       5.75 MB ( <1%) committed. 

Chunk freelists:
   Non-Class:  10.34 MB
       Class:  15.22 MB
        Both:  25.56 MB

MaxMetaspaceSize: unlimited
CompressedClassSpaceSize: 1.00 GB
Initial GC threshold: 21.00 MB
Current GC threshold: 21.00 MB
CDS: on
 - commit_granule_bytes: 65536.
 - commit_granule_words: 8192.
 - virtual_space_node_default_size: 8388608.
 - enlarge_chunks_in_place: 1.
 - use_allocation_guard: 0.


Internal statistics:

num_allocs_failed_limit: 0.
num_arena_births: 144.
num_arena_deaths: 0.
num_vsnodes_births: 2.
num_vsnodes_deaths: 0.
num_space_committed: 92.
num_space_uncommitted: 0.
num_chunks_returned_to_freelist: 0.
num_chunks_taken_from_freelist: 226.
num_chunk_merges: 0.
num_chunk_splits: 128.
num_chunks_enlarged: 45.
num_inconsistent_stats: 0.

CodeHeap 'non-profiled nmethods': size=120000Kb used=214Kb max_used=214Kb free=119785Kb
 bounds [0x0000025f87ad0000, 0x0000025f87d40000, 0x0000025f8f000000]
CodeHeap 'profiled nmethods': size=120000Kb used=1024Kb max_used=1024Kb free=118976Kb
 bounds [0x0000025f80000000, 0x0000025f80270000, 0x0000025f87530000]
CodeHeap 'non-nmethods': size=5760Kb used=1502Kb max_used=1516Kb free=4258Kb
 bounds [0x0000025f87530000, 0x0000025f877a0000, 0x0000025f87ad0000]
CodeCache: size=245760Kb, used=2740Kb, max_used=2754Kb, free=243019Kb
 total_blobs=1229, nmethods=690, adapters=444, full_count=0
Compilation: enabled, stopped_count=0, restarted_count=0

Compilation events (20 events):
Event: 1.553 Thread 0x0000025ffdfa8380  665       3       java.nio.ByteBuffer::position (8 bytes)
Event: 1.553 Thread 0x0000025ffdfa8380 nmethod 665 0x0000025f800efc90 code [0x0000025f800efe40, 0x0000025f800eff90]
Event: 1.554 Thread 0x0000025ffdfa8380  666       1       java.util.concurrent.ConcurrentHashMap$MapEntry::getKey (5 bytes)
Event: 1.554 Thread 0x0000025ffdfa8380 nmethod 666 0x0000025f87b03490 code [0x0000025f87b03620, 0x0000025f87b036e8]
Event: 1.554 Thread 0x0000025ffdfa8380  668       3       java.util.concurrent.ConcurrentHashMap$EntryIterator::next (5 bytes)
Event: 1.554 Thread 0x0000025ffdfa8380 nmethod 668 0x0000025f800f0010 code [0x0000025f800f01c0, 0x0000025f800f02f8]
Event: 1.554 Thread 0x0000025ffdfa8380  669       3       java.util.concurrent.ConcurrentHashMap$MapEntry::<init> (20 bytes)
Event: 1.554 Thread 0x0000025ffdfa8380 nmethod 669 0x0000025f800f0390 code [0x0000025f800f0540, 0x0000025f800f07c0]
Event: 1.554 Thread 0x0000025ffdfa8380  670       3       java.util.concurrent.ConcurrentHashMap$EntryIterator::next (51 bytes)
Event: 1.554 Thread 0x0000025ffdfa8380 nmethod 670 0x0000025f800f0890 code [0x0000025f800f0a80, 0x0000025f800f0f38]
Event: 1.554 Thread 0x0000025ffdfa8380  667       1       java.util.concurrent.ConcurrentHashMap$MapEntry::getValue (5 bytes)
Event: 1.554 Thread 0x0000025ffdfa8380 nmethod 667 0x0000025f87b03790 code [0x0000025f87b03920, 0x0000025f87b039e8]
Event: 1.555 Thread 0x0000025ffdfa8380  671       3       jdk.internal.module.SystemModuleFinders$SystemModuleReader::containsImageLocation (42 bytes)
Event: 1.556 Thread 0x0000025ffdfa8380 nmethod 671 0x0000025f800f1110 code [0x0000025f800f1340, 0x0000025f800f19f0]
Event: 1.556 Thread 0x0000025ffdfa8380  672       3       jdk.internal.jimage.BasicImageReader::verifyLocation (39 bytes)
Event: 1.556 Thread 0x0000025ffdfa8380 nmethod 672 0x0000025f800f1c90 code [0x0000025f800f1e60, 0x0000025f800f2138]
Event: 1.556 Thread 0x0000025ffdfa8380  673       3       jdk.internal.jimage.ImageLocation::verifyName (161 bytes)
Event: 1.557 Thread 0x0000025ffdfa8380 nmethod 673 0x0000025f800f2290 code [0x0000025f800f25e0, 0x0000025f800f3b30]
Event: 1.558 Thread 0x0000025ffdfa8380  676       1       java.net.URL::getRef (5 bytes)
Event: 1.558 Thread 0x0000025ffdfa8380 nmethod 676 0x0000025f87b03a90 code [0x0000025f87b03c20, 0x0000025f87b03ce8]

GC Heap History (0 events):
No events

Dll operation events (8 events):
Event: 0.285 Loaded shared library C:\Users\Usuario\.p2\pool\plugins\org.eclipse.justj.openjdk.hotspot.jre.full.win32.x86_64_21.0.10.v20260205-0638\jre\bin\java.dll
Event: 0.385 Loaded shared library C:\Users\Usuario\.p2\pool\plugins\org.eclipse.justj.openjdk.hotspot.jre.full.win32.x86_64_21.0.10.v20260205-0638\jre\bin\zip.dll
Event: 0.457 Loaded shared library C:\Users\Usuario\.p2\pool\plugins\org.eclipse.justj.openjdk.hotspot.jre.full.win32.x86_64_21.0.10.v20260205-0638\jre\bin\jimage.dll
Event: 0.536 Loaded shared library C:\Users\Usuario\.p2\pool\plugins\org.eclipse.justj.openjdk.hotspot.jre.full.win32.x86_64_21.0.10.v20260205-0638\jre\bin\net.dll
Event: 0.589 Loaded shared library C:\Users\Usuario\.p2\pool\plugins\org.eclipse.justj.openjdk.hotspot.jre.full.win32.x86_64_21.0.10.v20260205-0638\jre\bin\nio.dll
Event: 0.596 Loaded shared library C:\Users\Usuario\.p2\pool\plugins\org.eclipse.justj.openjdk.hotspot.jre.full.win32.x86_64_21.0.10.v20260205-0638\jre\bin\zip.dll
Event: 0.736 Loaded shared library C:\Users\Usuario\.p2\pool\plugins\org.eclipse.justj.openjdk.hotspot.jre.full.win32.x86_64_21.0.10.v20260205-0638\jre\bin\awt.dll
Event: 1.214 Loaded shared library C:\Users\Usuario\.p2\pool\plugins\org.eclipse.justj.openjdk.hotspot.jre.full.win32.x86_64_21.0.10.v20260205-0638\jre\bin\javaaccessbridge.dll

Deoptimization events (2 events):
Event: 1.448 Thread 0x0000025ffe354cf0 DEOPT PACKING pc=0x0000025f8001a8fc sp=0x00000072601fc3c0
Event: 1.448 Thread 0x0000025ffe354cf0 DEOPT UNPACKING pc=0x0000025f875886e2 sp=0x00000072601fb7e0 mode 0

Classes loaded (20 events):
Event: 1.504 Loading class jdk/internal/access/JavaUtilCollectionAccess done
Event: 1.505 Loading class java/util/ImmutableCollections$Access$1 done
Event: 1.519 Loading class java/util/stream/Nodes$SpinedNodeBuilder
Event: 1.519 Loading class java/util/stream/SpinedBuffer
Event: 1.519 Loading class java/util/stream/AbstractSpinedBuffer
Event: 1.519 Loading class java/util/stream/AbstractSpinedBuffer done
Event: 1.519 Loading class java/util/stream/SpinedBuffer done
Event: 1.519 Loading class java/util/stream/Nodes$SpinedNodeBuilder done
Event: 1.522 Loading class java/util/ResourceBundle$Control$2
Event: 1.522 Loading class java/util/ResourceBundle$Control$2 done
Event: 1.524 Loading class java/util/PropertyResourceBundle
Event: 1.525 Loading class java/util/PropertyResourceBundle done
Event: 1.525 Loading class sun/util/PropertyResourceBundleCharset
Event: 1.525 Loading class sun/util/PropertyResourceBundleCharset done
Event: 1.525 Loading class sun/util/PropertyResourceBundleCharset$PropertiesFileDecoder
Event: 1.525 Loading class sun/util/PropertyResourceBundleCharset$PropertiesFileDecoder done
Event: 1.556 Loading class jdk/internal/foreign/MemorySessionImpl
Event: 1.556 Loading class java/lang/foreign/MemorySegment$Scope
Event: 1.557 Loading class java/lang/foreign/MemorySegment$Scope done
Event: 1.557 Loading class jdk/internal/foreign/MemorySessionImpl done

Classes unloaded (0 events):
No events

Classes redefined (0 events):
No events

Internal exceptions (10 events):
Event: 0.602 Thread 0x0000025ff331f930 Exception <a 'java/lang/ClassNotFoundException'{0x000000008ad23878}: sun/awt/resources/spi/awtProvider> (0x000000008ad23878) 
thrown [s\src\hotspot\share\classfile\systemDictionary.cpp, line 312]
Event: 1.220 Thread 0x0000025ff331f930 Exception <a 'java/lang/ClassNotFoundException'{0x000000008ab48c68}: com/sun/accessibility/internal/resources/spi/accessibilityProvider> (0x000000008ab48c68) 
thrown [s\src\hotspot\share\classfile\systemDictionary.cpp, line 312]
Event: 1.254 Thread 0x0000025ff331f930 Exception <a 'java/lang/NoSuchMethodError'{0x000000008abc7e78}: 'void java.lang.invoke.DirectMethodHandle$Holder.invokeStatic(java.lang.Object, java.lang.Object)'> (0x000000008abc7e78) 
thrown [s\src\hotspot\share\interpreter\linkResolver.cpp, line 773]
Event: 1.301 Thread 0x0000025ff331f930 Exception <a 'java/lang/NoSuchMethodError'{0x000000008abe76c8}: 'void java.lang.invoke.DirectMethodHandle$Holder.invokeSpecial(java.lang.Object, java.lang.Object, java.lang.Object)'> (0x000000008abe76c8) 
thrown [s\src\hotspot\share\interpreter\linkResolver.cpp, line 773]
Event: 1.318 Thread 0x0000025ff331f930 Exception <a 'java/lang/NoSuchMethodError'{0x000000008aa803c8}: 'java.lang.Object java.lang.invoke.DirectMethodHandle$Holder.newInvokeSpecial(java.lang.Object, java.lang.Object, java.lang.Object, java.lang.Object, java.lang.Object)'> (0x000000008aa803c8) 
thrown [s\src\hotspot\share\interpreter\linkResolver.cpp, line 773]
Event: 1.351 Thread 0x0000025ff331f930 Exception <a 'java/lang/NoSuchMethodError'{0x000000008aaac7f0}: 'java.lang.Object java.lang.invoke.DirectMethodHandle$Holder.invokeStatic(java.lang.Object, int, java.lang.Object)'> (0x000000008aaac7f0) 
thrown [s\src\hotspot\share\interpreter\linkResolver.cpp, line 773]
Event: 1.423 Thread 0x0000025ffe354cf0 Exception <a 'java/lang/ClassNotFoundException'{0x000000008a993240}: com/sun/swing/internal/plaf/metal/resources/spi/metalProvider> (0x000000008a993240) 
thrown [s\src\hotspot\share\classfile\systemDictionary.cpp, line 312]
Event: 1.424 Thread 0x0000025ffe354cf0 Exception <a 'java/lang/ClassNotFoundException'{0x000000008a997f98}: com/sun/swing/internal/plaf/basic/resources/spi/basicProvider> (0x000000008a997f98) 
thrown [s\src\hotspot\share\classfile\systemDictionary.cpp, line 312]
Event: 1.441 Thread 0x0000025ffe354cf0 Exception <a 'java/lang/NoSuchMethodError'{0x000000008a9babf8}: 'int java.lang.invoke.Invokers$Holder.invokeExact_MT(java.lang.Object, java.lang.Object)'> (0x000000008a9babf8) 
thrown [s\src\hotspot\share\interpreter\linkResolver.cpp, line 773]
Event: 1.501 Thread 0x0000025ffe354cf0 Exception <a 'java/lang/NoSuchMethodError'{0x000000008a766670}: 'java.lang.Object java.lang.invoke.DirectMethodHandle$Holder.invokeInterface(java.lang.Object, java.lang.Object)'> (0x000000008a766670) 
thrown [s\src\hotspot\share\interpreter\linkResolver.cpp, line 773]

ZGC Phase Switch (0 events):
No events

VM Operations (2 events):
Event: 1.218 Executing non-safepoint VM operation: HandshakeAllThreads (Deoptimize)
Event: 1.218 Executing non-safepoint VM operation: HandshakeAllThreads (Deoptimize) done

Memory protections (0 events):
No events

Nmethod flushes (0 events):
No events

Events (20 events):
Event: 0.388 Thread 0x0000025ff331f930 Thread added: 0x0000025ffdf89de0
Event: 0.388 Thread 0x0000025ff331f930 Thread added: 0x0000025ffdf8b3b0
Event: 0.389 Thread 0x0000025ff331f930 Thread added: 0x0000025ffdf8f070
Event: 0.389 Thread 0x0000025ff331f930 Thread added: 0x0000025ffdf90050
Event: 0.389 Thread 0x0000025ff331f930 Thread added: 0x0000025ffdf91710
Event: 0.389 Thread 0x0000025ff331f930 Thread added: 0x0000025ffdf92390
Event: 0.389 Thread 0x0000025ff331f930 Thread added: 0x0000025ffdf94dd0
Event: 0.389 Thread 0x0000025ff331f930 Thread added: 0x0000025ffdfa8380
Event: 0.413 Thread 0x0000025ff331f930 Thread added: 0x0000025ffe0f4270
Event: 0.419 Thread 0x0000025ff331f930 Thread added: 0x0000025ffe0fced0
Event: 0.835 Thread 0x0000025ff331f930 Thread added: 0x0000025ffe2d1620
Event: 0.838 Thread 0x0000025ff331f930 Thread added: 0x0000025ffe2d4eb0
Event: 0.840 Thread 0x0000025ff331f930 Thread added: 0x0000025ffe2d5d40
Event: 1.230 Thread 0x0000025ff331f930 Thread added: 0x0000025ffe2fa190
Event: 1.252 Thread 0x0000025ff331f930 Thread added: 0x0000025ffe32e820
Event: 1.398 Thread 0x0000025ff331f930 Thread added: 0x0000025ffe354cf0
Event: 1.399 Thread 0x0000025ff331f930 Thread exited: 0x0000025ff331f930
Event: 1.399 Thread 0x0000025ff331f930 Thread added: 0x0000025ff331f930
Event: 1.456 Thread 0x0000025ffe354cf0 Thread added: 0x0000025ffe3c17e0
Event: 1.536 Thread 0x0000025ffdf94dd0 Thread added: 0x0000025ffe19fa60


Dynamic libraries:
0x00007ff772870000 - 0x00007ff77287e000 	C:\Users\Usuario\.p2\pool\plugins\org.eclipse.justj.openjdk.hotspot.jre.full.win32.x86_64_21.0.10.v20260205-0638\jre\bin\javaw.exe
0x00007ffa4fbc0000 - 0x00007ffa4fe27000 	C:\WINDOWS\SYSTEM32\ntdll.dll
0x00007ffa4eeb0000 - 0x00007ffa4ef79000 	C:\WINDOWS\System32\KERNEL32.DLL
0x00007ffa4c620000 - 0x00007ffa4ca17000 	C:\WINDOWS\System32\KERNELBASE.dll
0x00007ffa4d520000 - 0x00007ffa4d66b000 	C:\WINDOWS\System32\ucrtbase.dll
0x00007ffa23cb0000 - 0x00007ffa23cce000 	C:\Users\Usuario\.p2\pool\plugins\org.eclipse.justj.openjdk.hotspot.jre.full.win32.x86_64_21.0.10.v20260205-0638\jre\bin\VCRUNTIME140.dll
0x00007ffa1b6f0000 - 0x00007ffa1b708000 	C:\Users\Usuario\.p2\pool\plugins\org.eclipse.justj.openjdk.hotspot.jre.full.win32.x86_64_21.0.10.v20260205-0638\jre\bin\jli.dll
0x00007ffa4d940000 - 0x00007ffa4db06000 	C:\WINDOWS\System32\USER32.dll
0x00007ffa4c5f0000 - 0x00007ffa4c617000 	C:\WINDOWS\System32\win32u.dll
0x00007ffa4de80000 - 0x00007ffa4deab000 	C:\WINDOWS\System32\GDI32.dll
0x00007ffa4d3f0000 - 0x00007ffa4d51c000 	C:\WINDOWS\System32\gdi32full.dll
0x00007ffa4ca20000 - 0x00007ffa4cac3000 	C:\WINDOWS\System32\msvcp_win.dll
0x00007ffa37790000 - 0x00007ffa37a22000 	C:\WINDOWS\WinSxS\amd64_microsoft.windows.common-controls_6595b64144ccf1df_6.0.26100.8457_none_3e0b2faee331e92d\COMCTL32.dll
0x00007ffa4dca0000 - 0x00007ffa4dd49000 	C:\WINDOWS\System32\msvcrt.dll
0x00007ffa4fb40000 - 0x00007ffa4fb72000 	C:\WINDOWS\System32\IMM32.DLL
0x00007ffa49080000 - 0x00007ffa4908c000 	C:\Users\Usuario\.p2\pool\plugins\org.eclipse.justj.openjdk.hotspot.jre.full.win32.x86_64_21.0.10.v20260205-0638\jre\bin\vcruntime140_1.dll
0x00007ffa1a100000 - 0x00007ffa1a18d000 	C:\Users\Usuario\.p2\pool\plugins\org.eclipse.justj.openjdk.hotspot.jre.full.win32.x86_64_21.0.10.v20260205-0638\jre\bin\msvcp140.dll
0x00007ff9a2d60000 - 0x00007ff9a3b01000 	C:\Users\Usuario\.p2\pool\plugins\org.eclipse.justj.openjdk.hotspot.jre.full.win32.x86_64_21.0.10.v20260205-0638\jre\bin\server\jvm.dll
0x00007ffa4ebb0000 - 0x00007ffa4ec66000 	C:\WINDOWS\System32\ADVAPI32.dll
0x00007ffa4f050000 - 0x00007ffa4f0f7000 	C:\WINDOWS\System32\sechost.dll
0x00007ffa4e910000 - 0x00007ffa4ea28000 	C:\WINDOWS\System32\RPCRT4.dll
0x00007ffa4db60000 - 0x00007ffa4dbe0000 	C:\WINDOWS\System32\WS2_32.dll
0x00007ffa41a80000 - 0x00007ffa41ab6000 	C:\WINDOWS\SYSTEM32\WINMM.dll
0x00007ffa45e70000 - 0x00007ffa45e7b000 	C:\WINDOWS\SYSTEM32\VERSION.dll
0x00007ffa4c450000 - 0x00007ffa4c4ae000 	C:\WINDOWS\SYSTEM32\POWRPROF.dll
0x00007ffa4c430000 - 0x00007ffa4c444000 	C:\WINDOWS\SYSTEM32\UMPDC.dll
0x00007ffa4b320000 - 0x00007ffa4b33b000 	C:\WINDOWS\SYSTEM32\kernel.appcore.dll
0x00007ffa12be0000 - 0x00007ffa12bea000 	C:\Users\Usuario\.p2\pool\plugins\org.eclipse.justj.openjdk.hotspot.jre.full.win32.x86_64_21.0.10.v20260205-0638\jre\bin\jimage.dll
0x00007ffa4a440000 - 0x00007ffa4a682000 	C:\WINDOWS\SYSTEM32\DBGHELP.DLL
0x00007ffa4e340000 - 0x00007ffa4e6c3000 	C:\WINDOWS\System32\combase.dll
0x00007ffa4e6d0000 - 0x00007ffa4e7a9000 	C:\WINDOWS\System32\OLEAUT32.dll
0x00007ffa33a30000 - 0x00007ffa33a6b000 	C:\WINDOWS\SYSTEM32\dbgcore.DLL
0x00007ffa4d340000 - 0x00007ffa4d3e8000 	C:\WINDOWS\System32\bcryptPrimitives.dll
0x00007ffa01b40000 - 0x00007ffa01b60000 	C:\Users\Usuario\.p2\pool\plugins\org.eclipse.justj.openjdk.hotspot.jre.full.win32.x86_64_21.0.10.v20260205-0638\jre\bin\java.dll
0x00007ffa4f3c0000 - 0x00007ffa4fb2e000 	C:\WINDOWS\System32\SHELL32.dll
0x00007ffa4cad0000 - 0x00007ffa4d33c000 	C:\WINDOWS\System32\windows.storage.dll
0x00007ffa4ea30000 - 0x00007ffa4eb26000 	C:\WINDOWS\System32\SHCORE.dll
0x00007ffa4dc00000 - 0x00007ffa4dc66000 	C:\WINDOWS\System32\shlwapi.dll
0x00007ffa4c510000 - 0x00007ffa4c539000 	C:\WINDOWS\SYSTEM32\profapi.dll
0x00007ffa01b20000 - 0x00007ffa01b38000 	C:\Users\Usuario\.p2\pool\plugins\org.eclipse.justj.openjdk.hotspot.jre.full.win32.x86_64_21.0.10.v20260205-0638\jre\bin\zip.dll
0x00007ff9f7f90000 - 0x00007ff9f7fa0000 	C:\Users\Usuario\.p2\pool\plugins\org.eclipse.justj.openjdk.hotspot.jre.full.win32.x86_64_21.0.10.v20260205-0638\jre\bin\net.dll
0x00007ffa45a80000 - 0x00007ffa45ba9000 	C:\WINDOWS\SYSTEM32\WINHTTP.dll
0x00007ffa4b8f0000 - 0x00007ffa4b95c000 	C:\WINDOWS\system32\mswsock.dll
0x00007ff9f61c0000 - 0x00007ff9f61d6000 	C:\Users\Usuario\.p2\pool\plugins\org.eclipse.justj.openjdk.hotspot.jre.full.win32.x86_64_21.0.10.v20260205-0638\jre\bin\nio.dll
0x00007ff98b8c0000 - 0x00007ff98ba4f000 	C:\Users\Usuario\.p2\pool\plugins\org.eclipse.justj.openjdk.hotspot.jre.full.win32.x86_64_21.0.10.v20260205-0638\jre\bin\awt.dll
0x00007ffa499a0000 - 0x00007ffa49a40000 	C:\WINDOWS\SYSTEM32\apphelp.dll
0x00007ffa49b70000 - 0x00007ffa49c1a000 	C:\WINDOWS\system32\uxtheme.dll
0x00007ffa4e7b0000 - 0x00007ffa4e90c000 	C:\WINDOWS\System32\MSCTF.dll
0x00007ffa4ed10000 - 0x00007ffa4eea7000 	C:\WINDOWS\System32\ole32.dll
0x00007ffa01b70000 - 0x00007ffa01bbe000 	C:\Users\Usuario\.p2\pool\plugins\org.eclipse.justj.openjdk.hotspot.jre.full.win32.x86_64_21.0.10.v20260205-0638\jre\bin\javaaccessbridge.dll
0x00007ffa2aa00000 - 0x00007ffa2aa07000 	C:\Users\Usuario\.p2\pool\plugins\org.eclipse.justj.openjdk.hotspot.jre.full.win32.x86_64_21.0.10.v20260205-0638\jre\bin\jawt.dll
0x00007ffa49e10000 - 0x00007ffa49e3f000 	C:\WINDOWS\system32\DWMAPI.DLL
0x00007ffa00b60000 - 0x00007ffa00c6f000 	C:\WINDOWS\system32\opengl32.dll
0x00007ffa01a90000 - 0x00007ffa01abd000 	C:\WINDOWS\SYSTEM32\GLU32.dll
0x00007ffa49e50000 - 0x00007ffa49e95000 	C:\WINDOWS\SYSTEM32\dxcore.dll

JVMTI agents: none

dbghelp: loaded successfully - version: 4.0.5 - missing functions: none
symbol engine: initialized successfully - sym options: 0x614 - pdb path: (cannot be retrieved)

VM Arguments:
jvm_args: -Dfile.encoding=UTF-8 -Dstdout.encoding=UTF-8 -Dstderr.encoding=UTF-8 -XX:+ShowCodeDetailsInExceptionMessages 
java_command: PANEL.MainGUI
java_class_path (initial): C:\Users\Usuario\OneDrive\Documentos\Nueva carpeta\FINAL\ProjecteCivilizations\bin;C:\Users\Usuario\OneDrive\Documentos\Nueva carpeta\FINAL\ProjecteCivilizations\lib\mysql-connector-j-9.7.0.jar
Launcher Type: SUN_STANDARD

[Global flags]
     bool UseCompressedOops                        = true                           {product lp64_product} {ergonomic}
     bool UseLargePagesIndividualAllocation        = false                                  {pd product} {ergonomic}
     bool ShowCodeDetailsInExceptionMessages       = true                                   {manageable} {command line}
     intx CICompilerCount                          = 4                                         {product} {ergonomic}
   size_t MinHeapDeltaBytes                        = 1048576                                   {product} {ergonomic}
     bool SegmentedCodeCache                       = true                                      {product} {ergonomic}
    uintx ReservedCodeCacheSize                    = 251658240                              {pd product} {ergonomic}
    uintx NonProfiledCodeHeapSize                  = 122909434                              {pd product} {ergonomic}
    uintx ProfiledCodeHeapSize                     = 122909434                              {pd product} {ergonomic}
    uintx NonNMethodCodeHeapSize                   = 5839372                                {pd product} {ergonomic}
   size_t G1HeapRegionSize                         = 1048576                                   {product} {ergonomic}
     uint G1ConcRefinementThreads                  = 8                                         {product} {ergonomic}
     bool UseG1GC                                  = true                                      {product} {ergonomic}
     uint ConcGCThreads                            = 2                                         {product} {ergonomic}
   size_t MarkStackSize                            = 4194304                                   {product} {ergonomic}
   size_t MinHeapSize                              = 8388608                                   {product} {ergonomic}
   size_t InitialHeapSize                          = 132120576                                 {product} {ergonomic}
   size_t MaxHeapSize                              = 2095054848                                {product} {ergonomic}
   size_t SoftMaxHeapSize                          = 2095054848                             {manageable} {ergonomic}
   size_t MaxNewSize                               = 1256194048                                {product} {ergonomic}
    uintx GCDrainStackTargetSize                   = 64                                        {product} {ergonomic}

Logging:
Log output configuration:
 #0: stdout all=warning uptime,level,tags foldmultilines=false
 #1: stderr all=off uptime,level,tags foldmultilines=false

Release file:
JAVA_VERSION="21.0.10" 
MODULES="java.base java.compiler java.datatransfer java.xml java.prefs java.desktop java.instrument java.logging java.management java.security.sasl java.naming java.rmi java.management.rmi java.net.http java.scripting java.security.jgss java.transaction.xa java.sql java.sql.rowset java.xml.crypto java.se java.smartcardio jdk.accessibility jdk.internal.jvmstat jdk.attach jdk.charsets jdk.internal.opt jdk.zipfs jdk.compiler jdk.crypto.ec jdk.crypto.cryptoki jdk.crypto.mscapi jdk.dynalink jdk.internal.ed jdk.editpad jdk.hotspot.agent jdk.httpserver jdk.internal.le jdk.internal.vm.ci jdk.internal.vm.compiler jdk.internal.vm.compiler.management jdk.jartool jdk.javadoc jdk.jcmd jdk.management jdk.management.agent jdk.jconsole jdk.jdeps jdk.jdwp.agent jdk.jdi jdk.jfr jdk.jshell jdk.jsobject jdk.jstatd jdk.localedata jdk.management.jfr jdk.naming.dns jdk.naming.rmi jdk.net jdk.nio.mapmode jdk.random jdk.sctp jdk.security.auth jdk.security.jgss jdk.unsupported jdk.unsupported.desktop jdk.xml.dom" 

Environment Variables:
PATH=C:/Users/Usuario/.p2/pool/plugins/org.eclipse.justj.openjdk.hotspot.jre.full.win32.x86_64_21.0.10.v20260205-0638/jre/bin/server;C:/Users/Usuario/.p2/pool/plugins/org.eclipse.justj.openjdk.hotspot.jre.full.win32.x86_64_21.0.10.v20260205-0638/jre/bin;C:\Program Files\Common Files\Oracle\Java\javapath;C:\Users\Usuario\AppData\Local\Programs\Python\Python313\python.exe;C:\Users\Usuario\AppData\Local\Programs\Python\Python38\Scripts;C:\Users\SYSTEM\AppData\Roaming\Python\Python3.8\Scripts;C:\WINDOWS\system32;C:\WINDOWS;C:\WINDOWS\System32\Wbem;C:\WINDOWS\System32\WindowsPowerShell\v1.0\;C:\WINDOWS\System32\OpenSSH\;C:\Program Files\Microsoft SQL Server\Client SDK\ODBC\170\Tools\Binn\;C:\Program Files (x86)\Microsoft SQL Server\150\Tools\Binn\;C:\Program Files\Microsoft SQL Server\150\Tools\Binn\;C:\Program Files\Microsoft SQL Server\150\DTS\Binn\;C:\Program Files (x86)\Microsoft SQL Server\160\DTS\Binn\;C:\Program Files\Azure Data Studio\bin;C:\Program Files\Git\cmd;C:\Program Files\nodejs\;C:\Users\Usuario\Downloads\mongodb-database-tools-windows-x86_64-100.16.0\mongodb-database-tools-windows-x86_64-100.16.0\bin;C:\Users\Usuario\AppData\Local\Programs\oh-my-posh\bin\;C:\Users\Usuario\AppData\Local\Programs\Python\Python310\Scripts\;C:\Users\Usuario\AppData\Local\Programs\Python\Python310\;C:\Users\Usuario\AppData\Local\Programs\Python\Python313\Scripts\;C:\Users\Usuario\AppData\Local\Programs\Python\Python313\;C:\Users\Usuario\AppData\Local\Programs\Python\Python38\Scripts\;C:\Users\Usuario\AppData\Local\Programs\Python\Python38\;C:\Program Files (x86)\Microsoft Visual Studio\Common\Tools\WinNT;C:\Program Files (x86)\Microsoft Visual Studio\Common\MSDev98\Bin;C:\Program Files (x86)\Microsoft Visual Studio\Common\Tools;C:\Program Files (x86)\Microsoft Visual Studio\VC98\bin;C:\Users\Usuario\AppData\Local\Microsoft\WindowsApps;C:\Program Files\Azure Data Studio\bin;C:\Users\Usuario\AppData\Local\Programs\Microsoft VS Code\bin;C:\Users\Usuario\AppData\Local\GitHubDesktop\bin;C:\Program Files\nodejs\;C:\Users\Usuario\AppData\Roaming\npm;C:\WINDOWS\system32;
USERNAME=Usuario
OS=Windows_NT
PROCESSOR_IDENTIFIER=Intel64 Family 6 Model 140 Stepping 1, GenuineIntel
TMP=C:\Users\Usuario\AppData\Local\Temp
TEMP=C:\Users\Usuario\AppData\Local\Temp




Periodic native trim disabled

---------------  S Y S T E M  ---------------

OS:
 Windows 11 , 64 bit Build 26100 (10.0.26100.8328)
OS uptime: 0 days 7:10 hours
Hyper-V role detected

CPU: total 8 (initial active 8) (4 cores per cpu, 2 threads per core) family 6 model 140 stepping 1 microcode 0x9a, cx8, cmov, fxsr, ht, mmx, 3dnowpref, sse, sse2, sse3, ssse3, sse4.1, sse4.2, popcnt, lzcnt, tsc, tscinvbit, avx, avx2, aes, erms, clmul, bmi1, bmi2, adx, avx512f, avx512dq, avx512cd, avx512bw, avx512vl, sha, fma, vzeroupper, avx512_vpopcntdq, avx512_vpclmulqdq, avx512_vaes, avx512_vnni, clflush, clflushopt, clwb, avx512_vbmi2, avx512_vbmi, hv, rdtscp, rdpid, fsrm, gfni, avx512_bitalg, f16c, cet_ibt, cet_ss, avx512_ifma
Processor Information for the first 8 processors :
  Max Mhz: 2419, Current Mhz: 2419, Mhz Limit: 2419

Memory: 4k page, system-wide physical 7991M (657M free)
TotalPageFile size 19760M (AvailPageFile size 0M)
current process WorkingSet (physical memory assigned to process): 64M, peak: 64M
current process commit charge ("private bytes"): 219M, peak: 219M

vm_info: OpenJDK 64-Bit Server VM (21.0.10+7-LTS) for windows-amd64 JRE (21.0.10+7-LTS), built on 2026-01-20T00:00:00Z by "admin" with MS VC++ 17.12 (VS2022)

END.
